[2m21:06:26[0m [1m   INFO[0m [1m[22mTraining from scratch, cleaning any stale rollouts and broadcasts[0m[0m
[transformers] kernels hub usage is disabled through the environment USE_HUB_KERNELS=NO
[2m21:06:35[0m [1m   INFO[0m [1m[22mModel /dev/shm/opd-bench/models-full/student found at local path, skipping download[0m[0m
[2m21:06:35[0m [1m   INFO[0m [1m[22mWrote subconfigs to /dev/shm/opd-bench/runs-full/prime-b200-full/output/configs[0m[0m
[2m21:06:35[0m [1m   INFO[0m [1m[22mUsing local->physical GPU mapping: {0: 2, 1: 3, 2: 4, 3: 5, 4: 0, 5: 1}[0m[0m
[2m21:06:35[0m [1m   INFO[0m [1m[22mStarting RL run[0m[0m
[2m21:06:35[0m [1m   INFO[0m [1m[22mStarting inference on GPU(s) 2 3 4 5[0m[0m
[2m21:06:35[0m [1m   INFO[0m [1m[22mFrozen model references are configured - the rl entrypoint does not start them. Make sure these endpoints are serving before the orchestrator starts: /dev/shm/opd-bench/models-full/math-teacher (http://localhost:8001/v1), /dev/shm/opd-bench/models-full/code-teacher (http://localhost:8002/v1); otherwise rollouts will hang.[0m[0m
[2m21:06:35[0m [1m   INFO[0m [1m[22mStarting train env server math at tcp://127.0.0.1:5000[0m[0m
[2m21:06:35[0m [1m   INFO[0m [1m[22mStarting train env server code at tcp://127.0.0.1:5001[0m[0m
[2m21:06:35[0m [1m   INFO[0m [1m[22mStarting orchestrator process[0m[0m
[2m21:06:35[0m [1m   INFO[0m [1m[22mStarting trainer on GPU(s) 0 1[0m[0m
[2m21:06:35[0m [32m[1mSUCCESS[0m [32m[1m[22mStartup complete. Showing orchestrator logs...[0m[0m
[transformers] kernels hub usage is disabled through the environment USE_HUB_KERNELS=NO
[2m21:06:43[0m [1m   INFO[0m [1m[22mStarting orchestrator (algorithm: opd)[0m[0m
[2m21:06:43[0m [1m   INFO[0m [1m[22mSetting default executor to ThreadPoolExecutor(max_workers=64)[0m[0m
[2m21:06:43[0m [1m   INFO[0m [1m[22mInitializing tokenizer (name='/dev/shm/opd-bench/models-full/student' trust_remote_code=False chat_template=None)[0m[0m
[2m21:06:44[0m [1m   INFO[0m [1m[22mInitializing policy inference pool (base_url=http://localhost:8000/v1, model=/dev/shm/opd-bench/models-full/student)[0m[0m
[2m21:06:44[0m [1m   INFO[0m [1m[22mInitialized DefaultRenderer for /dev/shm/opd-bench/models-full/student[0m[0m
[2m21:06:44[0m [1m   INFO[0m [1m[22mUsing direct renderer rollout client[0m[0m
[2m21:06:44[0m [1m   INFO[0m [1m[22mInitializing monitor (wandb=None, prime_monitor=None)[0m[0m
[2m21:06:44[0m [1m   INFO[0m [1m[22mLogging metrics to /dev/shm/opd-bench/runs-full/prime-b200-full/output/run_default/metrics.jsonl[0m[0m
[2m21:06:44[0m [1m   INFO[0m [1m[22mConfigured 3 pre-batch rollout filter(s):[0m[0m
[2m21:06:44[0m [1m   INFO[0m [1m[22m  Monitoring gibberish filter (type=gibberish, enforce=False, token_id_threshold=100000, logprob_offset=2.0)[0m[0m
[2m21:06:44[0m [1m   INFO[0m [1m[22m  Monitoring repetition filter (type=repetition, enforce=False, window=3000, prob_threshold=0.99)[0m[0m
[2m21:06:44[0m [1m   INFO[0m [1m[22m  Monitoring zero_advantage filter (type=zero_advantage, enforce=False)[0m[0m
[2m21:06:44[0m [1m   INFO[0m [1m[22mConfigured 3 post-batch rollout filter(s):[0m[0m
[2m21:06:44[0m [1m   INFO[0m [1m[22m  Monitoring gibberish filter (type=gibberish, enforce=False, token_id_threshold=100000, logprob_offset=2.0)[0m[0m
[2m21:06:44[0m [1m   INFO[0m [1m[22m  Monitoring repetition filter (type=repetition, enforce=False, window=3000, prob_threshold=0.99)[0m[0m
[2m21:06:44[0m [1m   INFO[0m [1m[22m  Monitoring zero_advantage filter (type=zero_advantage, enforce=False)[0m[0m
[2m21:06:44[0m [1m   INFO[0m [1m[22mLoading training environments[0m[0m
[2m21:06:44[0m [1m   INFO[0m [1m[22mEnv math ready: num_tasks=128 group_scoring=False[0m[0m
[2m21:06:44[0m [1m   INFO[0m [1m[22mEnv code ready: num_tasks=128 group_scoring=False[0m[0m
[2m21:06:44[0m [32m[1mSUCCESS[0m [32m[1m[22mTrain environment(s) ready[0m[0m
[2m21:06:44[0m [1m   INFO[0m [1m[22mWaiting for policy inference pool to be ready[0m[0m
[2m21:06:54[0m [33m[1mWARNING[0m [33m[1m[22mInference server was not reached after 10 seconds (Error: All connection attempts failed) on http://localhost:8100[0m[0m
[2m21:06:54[0m [33m[1mWARNING[0m [33m[1m[22mInference server was not reached after 10 seconds (Error: All connection attempts failed) on http://localhost:8000[0m[0m
[2m21:07:04[0m [33m[1mWARNING[0m [33m[1m[22mInference server was not reached after 20 seconds (Error: All connection attempts failed) on http://localhost:8000[0m[0m
[2m21:07:04[0m [33m[1mWARNING[0m [33m[1m[22mInference server was not reached after 20 seconds (Error: All connection attempts failed) on http://localhost:8100[0m[0m
[2m21:07:14[0m [33m[1mWARNING[0m [33m[1m[22mInference server was not reached after 30 seconds (Error: All connection attempts failed) on http://localhost:8100[0m[0m
[2m21:07:14[0m [33m[1mWARNING[0m [33m[1m[22mInference server was not reached after 30 seconds (Error: All connection attempts failed) on http://localhost:8000[0m[0m
[2m21:07:24[0m [33m[1mWARNING[0m [33m[1m[22mInference server was not reached after 40 seconds (Error: All connection attempts failed) on http://localhost:8000[0m[0m
[2m21:07:24[0m [33m[1mWARNING[0m [33m[1m[22mInference server was not reached after 40 seconds (Error: All connection attempts failed) on http://localhost:8100[0m[0m
[2m21:07:34[0m [33m[1mWARNING[0m [33m[1m[22mInference server was not reached after 50 seconds (Error: All connection attempts failed) on http://localhost:8000[0m[0m
[2m21:07:36[0m [32m[1mSUCCESS[0m [32m[1m[22mPolicy inference pool ready[0m[0m
[2m21:07:36[0m [1m   INFO[0m [1m[22mInitializing frozen model pool (model=/dev/shm/opd-bench/models-full/math-teacher, base_url=http://localhost:8001/v1)[0m[0m
[2m21:07:36[0m [1m   INFO[0m [1m[22mInitializing frozen model pool (model=/dev/shm/opd-bench/models-full/code-teacher, base_url=http://localhost:8002/v1)[0m[0m
[2m21:07:36[0m [1m   INFO[0m [1m[22mInitializing weight broadcast (type='filesystem')[0m[0m
[2m21:07:36[0m [1m   INFO[0m [1m[22mInitializing training batch sender (type='zmq' host='localhost' port=5555 hwm=10)[0m[0m
[2m21:07:36[0m [1m   INFO[0m [1m[22mZMQ training batch sender initialized: output_dir=/dev/shm/opd-bench/runs-full/prime-b200-full/output/run_default endpoint=tcp://localhost:5555 hwm=10[0m[0m
[2m21:07:36[0m [1m   INFO[0m [1m[22mTraining from scratch[0m[0m
[2m21:07:36[0m [1m   INFO[0m [1m[22mStarting orchestrator loop (max_steps=15)[0m[0m
[2m21:07:46[0m [1m   INFO[0m [1m[22mTrain batch 0/64 (0.0%) (math=0, code=0); 64 inflight rollouts (train=64, eval=0 | math=36, code=28)[0m[0m
[2m21:07:56[0m [1m   INFO[0m [1m[22mTrain batch 36/64 (56.2%) (math=28, code=8) (+7 buffered); 64 inflight rollouts (train=64, eval=0 | math=26, code=38)[0m[0m
[2m21:08:02[0m [33m[1mWARNING[0m [33m[1m[22mOnly 0/64 effective rollouts are trainable (0.0%) — consider reviewing task difficulty / filter config[0m[0m
[2m21:08:02[0m [32m[1mSUCCESS[0m [32m[1m[22mStep 1 |   25.6s | Reward 0.0000 | Trainable 0/64 (0.0%) | Turns 1.0 | Branches 1.0 | Max Off-Policy 0 | Error 0.0% | Truncation 0.0%
		 ╰─ code | Ratio 37.5% | Reward 0.0000 | Turns 1.0 | Branches 1.0 | Max Off-Policy 0 | Error 0.0% | Truncation 0.0%
		 ╰─ math | Ratio 62.5% | Reward 0.0000 | Turns 1.0 | Branches 1.0 | Max Off-Policy 0 | Error 0.0% | Truncation 0.0%[0m[0m
[2m21:08:06[0m [1m   INFO[0m [1m[22mTrain batch 24/64 (37.5%) (math=12, code=12) (+9 buffered); 64 inflight rollouts (train=64, eval=0 | math=11, code=53)[0m[0m
[2m21:08:15[0m [33m[1mWARNING[0m [33m[1m[22mOnly 0/64 effective rollouts are trainable (0.0%) — consider reviewing task difficulty / filter config[0m[0m
[2m21:08:15[0m [1m   INFO[0m [1m[22mPausing dispatcher to prevent orchestrator from racing from trainer. Waiting for new policy...[0m[0m
[2m21:08:16[0m [32m[1mSUCCESS[0m [32m[1m[22mStep 2 |   13.3s | Reward 0.0000 | Trainable 0/64 (0.0%) | Turns 1.0 | Branches 1.0 | Max Off-Policy 1 | Error 0.0% | Truncation 0.0%
		 ╰─ code | Ratio 50.0% | Reward 0.0000 | Turns 1.0 | Branches 1.0 | Max Off-Policy 1 | Error 0.0% | Truncation 0.0%
		 ╰─ math | Ratio 50.0% | Reward 0.0000 | Turns 1.0 | Branches 1.0 | Max Off-Policy 1 | Error 0.0% | Truncation 0.0%[0m[0m
[2m21:08:16[0m [1m   INFO[0m [1m[22mTrain batch 0/64 (0.0%) (math=0, code=0) (+22 buffered); 58 inflight rollouts (train=58, eval=0 | math=26, code=32)[0m[0m
[2m21:08:26[0m [1m   INFO[0m [1m[22mTrain batch 52/64 (81.2%) (math=32, code=20) (+17 buffered); 21 inflight rollouts (train=21, eval=0 | math=7, code=14)[0m[0m
[2m21:08:35[0m [33m[1mWARNING[0m [33m[1m[22mOnly 0/64 effective rollouts are trainable (0.0%) — consider reviewing task difficulty / filter config[0m[0m
[2m21:08:35[0m [1m   INFO[0m [1m[22mHolding batch 3 until the trainer publishes policy v1 (currently v0)[0m[0m
[2m21:08:36[0m [1m   INFO[0m [1m[22mTrain batch 0/64 (0.0%) (math=0, code=0) (+14 buffered); 12 inflight rollouts (train=12, eval=0 | math=4, code=8)[0m[0m
[2m21:08:46[0m [1m   INFO[0m [1m[22mTrain batch 0/64 (0.0%) (math=0, code=0) (+14 buffered); 6 inflight rollouts (train=6, eval=0 | math=4, code=2)[0m[0m
[2m21:08:54[0m [1m   INFO[0m [1m[22mUpdating policy in-flight to v1[0m[0m
[2m21:08:55[0m [32m[1mSUCCESS[0m [32m[1m[22mStep 3 |   20.0s | Reward 0.0000 | Trainable 0/64 (0.0%) | Turns 1.0 | Branches 1.0 | Max Off-Policy 2 | Error 0.0% | Truncation 0.0%
		 ╰─ code | Ratio 43.8% | Reward 0.0000 | Turns 1.0 | Branches 1.0 | Max Off-Policy 2 | Error 0.0% | Truncation 0.0%
		 ╰─ math | Ratio 56.2% | Reward 0.0000 | Turns 1.0 | Branches 1.0 | Max Off-Policy 2 | Error 0.0% | Truncation 0.0%[0m[0m
[2m21:08:56[0m [1m   INFO[0m [1m[22mTrain batch 0/64 (0.0%) (math=0, code=0) (+16 buffered); 5 inflight rollouts (train=5, eval=0 | math=4, code=1)[0m[0m
[2m21:09:06[0m [1m   INFO[0m [1m[22mTrain batch 16/64 (25.0%) (math=0, code=16) (+6 buffered); 4 inflight rollouts (train=4, eval=0 | math=3, code=1)[0m[0m
[2m21:09:16[0m [1m   INFO[0m [1m[22mTrain batch 16/64 (25.0%) (math=0, code=16) (+8 buffered); 2 inflight rollouts (train=2, eval=0 | math=1, code=1)[0m[0m
[2m21:09:22[0m [1m   INFO[0m [1m[22mUpdating policy in-flight to v2[0m[0m
[2m21:09:24[0m [1m   INFO[0m [1m[22mResuming dispatcher[0m[0m
[2m21:09:26[0m [1m   INFO[0m [1m[22mTrain batch 20/64 (31.2%) (math=0, code=20) (+5 buffered); 64 inflight rollouts (train=64, eval=0 | math=30, code=34)[0m[0m
[2m21:09:36[0m [33m[1mWARNING[0m [33m[1m[22mOnly 0/64 effective rollouts are trainable (0.0%) — consider reviewing task difficulty / filter config[0m[0m
[2m21:09:36[0m [1m   INFO[0m [1m[22mPausing dispatcher to prevent orchestrator from racing from trainer. Waiting for new policy...[0m[0m
[2m21:09:37[0m [32m[1mSUCCESS[0m [32m[1m[22mStep 4 |   1m 0s | Reward 0.0000 | Trainable 0/64 (0.0%) | Turns 1.0 | Branches 1.0 | Max Off-Policy 3 | Error 0.0% | Truncation 1.6%
		 ╰─ code | Ratio 56.2% | Reward 0.0000 | Turns 1.0 | Branches 1.0 | Max Off-Policy 3 | Error 0.0% | Truncation 2.8%
		 ╰─ math | Ratio 43.8% | Reward 0.0000 | Turns 1.0 | Branches 1.0 | Max Off-Policy 3 | Error 0.0% | Truncation 0.0%[0m[0m
[2m21:09:37[0m [1m   INFO[0m [1m[22mTrain batch 0/64 (0.0%) (math=0, code=0) (+12 buffered); 64 inflight rollouts (train=64, eval=0 | math=24, code=40)[0m[0m
[2m21:09:47[0m [1m   INFO[0m [1m[22mTrain batch 40/64 (62.5%) (math=16, code=24) (+15 buffered); 23 inflight rollouts (train=23, eval=0 | math=8, code=15)[0m[0m
[2m21:09:54[0m [1m   INFO[0m [1m[22mUpdating policy in-flight to v3[0m[0m
[2m21:09:56[0m [1m   INFO[0m [1m[22mResuming dispatcher[0m[0m
[2m21:09:57[0m [1m   INFO[0m [1m[22mTrain batch 60/64 (93.8%) (math=28, code=32) (+11 buffered); 64 inflight rollouts (train=64, eval=0 | math=35, code=29)[0m[0m
[2m21:09:58[0m [33m[1mWARNING[0m [33m[1m[22mOnly 0/64 effective rollouts are trainable (0.0%) — consider reviewing task difficulty / filter config[0m[0m
[2m21:09:58[0m [1m   INFO[0m [1m[22mPausing dispatcher to prevent orchestrator from racing from trainer. Waiting for new policy...[0m[0m
[2m21:09:58[0m [32m[1mSUCCESS[0m [32m[1m[22mStep 5 |   21.7s | Reward 0.0000 | Trainable 0/64 (0.0%) | Turns 1.0 | Branches 1.0 | Max Off-Policy 4 | Error 0.0% | Truncation 0.0%
		 ╰─ code | Ratio 56.2% | Reward 0.0000 | Turns 1.0 | Branches 1.0 | Max Off-Policy 4 | Error 0.0% | Truncation 0.0%
		 ╰─ math | Ratio 43.8% | Reward 0.0000 | Turns 1.0 | Branches 1.0 | Max Off-Policy 2 | Error 0.0% | Truncation 0.0%[0m[0m
[2m21:10:07[0m [1m   INFO[0m [1m[22mTrain batch 44/64 (68.8%) (math=28, code=16) (+15 buffered); 14 inflight rollouts (train=14, eval=0 | math=2, code=12)[0m[0m
[2m21:10:17[0m [1m   INFO[0m [1m[22mTrain batch 60/64 (93.8%) (math=36, code=24) (+9 buffered); 4 inflight rollouts (train=4, eval=0 | math=0, code=4)[0m[0m
[2m21:10:19[0m [33m[1mWARNING[0m [33m[1m[22mOnly 0/64 effective rollouts are trainable (0.0%) — consider reviewing task difficulty / filter config[0m[0m
[2m21:10:19[0m [1m   INFO[0m [1m[22mHolding batch 6 until the trainer publishes policy v4 (currently v3)[0m[0m
[2m21:10:27[0m [1m   INFO[0m [1m[22mTrain batch 0/64 (0.0%) (math=0, code=0) (+7 buffered); 0 inflight rollouts (train=0, eval=0 | math=0, code=0)[0m[0m
[2m21:10:31[0m [1m   INFO[0m [1m[22mUpdating policy in-flight to v4[0m[0m
[2m21:10:31[0m [32m[1mSUCCESS[0m [32m[1m[22mStep 6 |   21.3s | Reward 0.0000 | Trainable 0/64 (0.0%) | Turns 1.0 | Branches 1.0 | Max Off-Policy 3 | Error 0.0% | Truncation 0.0%
		 ╰─ code | Ratio 43.8% | Reward 0.0000 | Turns 1.0 | Branches 1.0 | Max Off-Policy 3 | Error 0.0% | Truncation 0.0%
		 ╰─ math | Ratio 56.2% | Reward 0.0000 | Turns 1.0 | Branches 1.0 | Max Off-Policy 3 | Error 0.0% | Truncation 0.0%[0m[0m
[2m21:10:37[0m [1m   INFO[0m [1m[22mTrain batch 8/64 (12.5%) (math=0, code=8) (+1 buffered); 0 inflight rollouts (train=0, eval=0 | math=0, code=0)[0m[0m
[2m21:10:47[0m [1m   INFO[0m [1m[22mTrain batch 8/64 (12.5%) (math=0, code=8) (+1 buffered); 0 inflight rollouts (train=0, eval=0 | math=0, code=0)[0m[0m
[2m21:10:57[0m [1m   INFO[0m [1m[22mTrain batch 8/64 (12.5%) (math=0, code=8) (+1 buffered); 0 inflight rollouts (train=0, eval=0 | math=0, code=0)[0m[0m
[2m21:11:00[0m [1m   INFO[0m [1m[22mUpdating policy in-flight to v5[0m[0m
[2m21:11:02[0m [1m   INFO[0m [1m[22mResuming dispatcher[0m[0m
[2m21:11:07[0m [1m   INFO[0m [1m[22mTrain batch 8/64 (12.5%) (math=0, code=8) (+9 buffered); 64 inflight rollouts (train=64, eval=0 | math=24, code=40)[0m[0m
[2m21:11:17[0m [1m   INFO[0m [1m[22mTrain batch 60/64 (93.8%) (math=36, code=24) (+9 buffered); 64 inflight rollouts (train=64, eval=0 | math=12, code=52)[0m[0m
[2m21:11:19[0m [33m[1mWARNING[0m [33m[1m[22mOnly 0/64 effective rollouts are trainable (0.0%) — consider reviewing task difficulty / filter config[0m[0m
[2m21:11:19[0m [1m   INFO[0m [1m[22mPausing dispatcher to prevent orchestrator from racing from trainer. Waiting for new policy...[0m[0m
[2m21:11:20[0m [32m[1mSUCCESS[0m [32m[1m[22mStep 7 |   60.0s | Reward 0.0000 | Trainable 0/64 (0.0%) | Turns 1.0 | Branches 1.0 | Max Off-Policy 4 | Error 0.0% | Truncation 0.0%
		 ╰─ code | Ratio 37.5% | Reward 0.0000 | Turns 1.0 | Branches 1.0 | Max Off-Policy 4 | Error 0.0% | Truncation 0.0%
		 ╰─ math | Ratio 62.5% | Reward 0.0000 | Turns 1.0 | Branches 1.0 | Max Off-Policy 1 | Error 0.0% | Truncation 0.0%[0m[0m
[2m21:11:27[0m [1m   INFO[0m [1m[22mTrain batch 40/64 (62.5%) (math=8, code=32) (+12 buffered); 27 inflight rollouts (train=27, eval=0 | math=1, code=26)[0m[0m
[2m21:11:28[0m [1m   INFO[0m [1m[22mUpdating policy in-flight to v6[0m[0m
[2m21:11:30[0m [1m   INFO[0m [1m[22mResuming dispatcher[0m[0m
[2m21:11:35[0m [33m[1mWARNING[0m [33m[1m[22mOnly 0/64 effective rollouts are trainable (0.0%) — consider reviewing task difficulty / filter config[0m[0m
[2m21:11:35[0m [1m   INFO[0m [1m[22mPausing dispatcher to prevent orchestrator from racing from trainer. Waiting for new policy...[0m[0m
[2m21:11:35[0m [32m[1mSUCCESS[0m [32m[1m[22mStep 8 |   15.5s | Reward 0.0000 | Trainable 0/64 (0.0%) | Turns 1.0 | Branches 1.0 | Max Off-Policy 2 | Error 0.0% | Truncation 0.0%
		 ╰─ code | Ratio 75.0% | Reward 0.0000 | Turns 1.0 | Branches 1.0 | Max Off-Policy 2 | Error 0.0% | Truncation 0.0%
		 ╰─ math | Ratio 25.0% | Reward 0.0000 | Turns 1.0 | Branches 1.0 | Max Off-Policy 2 | Error 0.0% | Truncation 0.0%[0m[0m
[2m21:11:37[0m [1m   INFO[0m [1m[22mTrain batch 12/64 (18.8%) (math=8, code=4) (+11 buffered); 48 inflight rollouts (train=48, eval=0 | math=16, code=32)[0m[0m
[2m21:11:47[0m [1m   INFO[0m [1m[22mTrain batch 48/64 (75.0%) (math=24, code=24) (+14 buffered); 9 inflight rollouts (train=9, eval=0 | math=1, code=8)[0m[0m
[2m21:11:51[0m [33m[1mWARNING[0m [33m[1m[22mOnly 0/64 effective rollouts are trainable (0.0%) — consider reviewing task difficulty / filter config[0m[0m
[2m21:11:51[0m [1m   INFO[0m [1m[22mHolding batch 9 until the trainer publishes policy v7 (currently v6)[0m[0m
[2m21:11:56[0m [1m   INFO[0m [1m[22mUpdating policy in-flight to v7[0m[0m
[2m21:11:56[0m [32m[1mSUCCESS[0m [32m[1m[22mStep 9 |   16.3s | Reward 0.0000 | Trainable 0/64 (0.0%) | Turns 1.0 | Branches 1.0 | Max Off-Policy 3 | Error 0.0% | Truncation 0.0%
		 ╰─ code | Ratio 56.2% | Reward 0.0000 | Turns 1.0 | Branches 1.0 | Max Off-Policy 3 | Error 0.0% | Truncation 0.0%
		 ╰─ math | Ratio 43.8% | Reward 0.0000 | Turns 1.0 | Branches 1.0 | Max Off-Policy 2 | Error 0.0% | Truncation 0.0%[0m[0m
[2m21:11:57[0m [1m   INFO[0m [1m[22mTrain batch 0/64 (0.0%) (math=0, code=0) (+5 buffered); 2 inflight rollouts (train=2, eval=0 | math=0, code=2)[0m[0m
[2m21:12:07[0m [1m   INFO[0m [1m[22mTrain batch 0/64 (0.0%) (math=0, code=0) (+5 buffered); 2 inflight rollouts (train=2, eval=0 | math=0, code=2)[0m[0m
[2m21:12:17[0m [1m   INFO[0m [1m[22mTrain batch 4/64 (6.2%) (math=0, code=4) (+3 buffered); 0 inflight rollouts (train=0, eval=0 | math=0, code=0)[0m[0m
[2m21:12:24[0m [1m   INFO[0m [1m[22mUpdating policy in-flight to v8[0m[0m
[2m21:12:25[0m [1m   INFO[0m [1m[22mResuming dispatcher[0m[0m
[2m21:12:27[0m [1m   INFO[0m [1m[22mTrain batch 4/64 (6.2%) (math=0, code=4) (+3 buffered); 64 inflight rollouts (train=64, eval=0 | math=37, code=27)[0m[0m
[2m21:12:37[0m [1m   INFO[0m [1m[22mTrain batch 60/64 (93.8%) (math=36, code=24) (+17 buffered); 64 inflight rollouts (train=64, eval=0 | math=37, code=27)[0m[0m
[2m21:12:39[0m [33m[1mWARNING[0m [33m[1m[22mOnly 0/64 effective rollouts are trainable (0.0%) — consider reviewing task difficulty / filter config[0m[0m
[2m21:12:39[0m [1m   INFO[0m [1m[22mPausing dispatcher to prevent orchestrator from racing from trainer. Waiting for new policy...[0m[0m
[2m21:12:39[0m [32m[1mSUCCESS[0m [32m[1m[22mStep 10 |   47.8s | Reward 0.0000 | Trainable 0/64 (0.0%) | Turns 1.0 | Branches 1.0 | Max Off-Policy 4 | Error 0.0% | Truncation 0.0%
		 ╰─ code | Ratio 43.8% | Reward 0.0000 | Turns 1.0 | Branches 1.0 | Max Off-Policy 4 | Error 0.0% | Truncation 0.0%
		 ╰─ math | Ratio 56.2% | Reward 0.0000 | Turns 1.0 | Branches 1.0 | Max Off-Policy 3 | Error 0.0% | Truncation 0.0%[0m[0m
[2m21:12:47[0m [1m   INFO[0m [1m[22mTrain batch 52/64 (81.2%) (math=32, code=20) (+18 buffered); 22 inflight rollouts (train=22, eval=0 | math=4, code=18)[0m[0m
[2m21:12:51[0m [33m[1mWARNING[0m [33m[1m[22mOnly 0/64 effective rollouts are trainable (0.0%) — consider reviewing task difficulty / filter config[0m[0m
[2m21:12:51[0m [1m   INFO[0m [1m[22mHolding batch 11 until the trainer publishes policy v9 (currently v8)[0m[0m
[2m21:12:56[0m [1m   INFO[0m [1m[22mUpdating policy in-flight to v9[0m[0m
[2m21:12:56[0m [32m[1mSUCCESS[0m [32m[1m[22mStep 11 |   12.5s | Reward 0.0000 | Trainable 0/64 (0.0%) | Turns 1.0 | Branches 1.0 | Max Off-Policy 2 | Error 0.0% | Truncation 0.0%
		 ╰─ code | Ratio 37.5% | Reward 0.0000 | Turns 1.0 | Branches 1.0 | Max Off-Policy 2 | Error 0.0% | Truncation 0.0%
		 ╰─ math | Ratio 62.5% | Reward 0.0000 | Turns 1.0 | Branches 1.0 | Max Off-Policy 2 | Error 0.0% | Truncation 0.0%[0m[0m
[2m21:12:57[0m [1m   INFO[0m [1m[22mTrain batch 0/64 (0.0%) (math=0, code=0) (+16 buffered); 6 inflight rollouts (train=6, eval=0 | math=1, code=5)[0m[0m
[2m21:13:07[0m [1m   INFO[0m [1m[22mTrain batch 24/64 (37.5%) (math=8, code=16) (+2 buffered); 2 inflight rollouts (train=2, eval=0 | math=0, code=2)[0m[0m
[2m21:13:17[0m [1m   INFO[0m [1m[22mTrain batch 24/64 (37.5%) (math=8, code=16) (+2 buffered); 2 inflight rollouts (train=2, eval=0 | math=0, code=2)[0m[0m
[2m21:13:21[0m [1m   INFO[0m [1m[22mUpdating policy in-flight to v10[0m[0m
[2m21:13:23[0m [1m   INFO[0m [1m[22mResuming dispatcher[0m[0m
[2m21:13:27[0m [1m   INFO[0m [1m[22mTrain batch 32/64 (50.0%) (math=16, code=16) (+4 buffered); 64 inflight rollouts (train=64, eval=0 | math=34, code=30)[0m[0m
[2m21:13:37[0m [1m   INFO[0m [1m[22mTrain batch 56/64 (87.5%) (math=36, code=20) (+20 buffered); 64 inflight rollouts (train=64, eval=0 | math=31, code=33)[0m[0m
[2m21:13:38[0m [33m[1mWARNING[0m [33m[1m[22mOnly 0/64 effective rollouts are trainable (0.0%) — consider reviewing task difficulty / filter config[0m[0m
[2m21:13:38[0m [1m   INFO[0m [1m[22mPausing dispatcher to prevent orchestrator from racing from trainer. Waiting for new policy...[0m[0m
[2m21:13:39[0m [32m[1mSUCCESS[0m [32m[1m[22mStep 12 |   47.2s | Reward 0.0000 | Trainable 0/64 (0.0%) | Turns 1.0 | Branches 1.0 | Max Off-Policy 3 | Error 0.0% | Truncation 0.0%
		 ╰─ code | Ratio 37.5% | Reward 0.0000 | Turns 1.0 | Branches 1.0 | Max Off-Policy 3 | Error 0.0% | Truncation 0.0%
		 ╰─ math | Ratio 62.5% | Reward 0.0000 | Turns 1.0 | Branches 1.0 | Max Off-Policy 3 | Error 0.0% | Truncation 0.0%[0m[0m
[2m21:13:47[0m [1m   INFO[0m [1m[22mTrain batch 36/64 (56.2%) (math=32, code=4) (+24 buffered); 27 inflight rollouts (train=27, eval=0 | math=5, code=22)[0m[0m
[2m21:13:47[0m [1m   INFO[0m [1m[22mUpdating policy in-flight to v11[0m[0m
[2m21:13:49[0m [1m   INFO[0m [1m[22mResuming dispatcher[0m[0m
[2m21:13:57[0m [33m[1mWARNING[0m [33m[1m[22mOnly 0/64 effective rollouts are trainable (0.0%) — consider reviewing task difficulty / filter config[0m[0m
[2m21:13:57[0m [1m   INFO[0m [1m[22mPausing dispatcher to prevent orchestrator from racing from trainer. Waiting for new policy...[0m[0m
[2m21:13:57[0m [32m[1mSUCCESS[0m [32m[1m[22mStep 13 |   18.2s | Reward 0.0000 | Trainable 0/64 (0.0%) | Turns 1.0 | Branches 1.0 | Max Off-Policy 2 | Error 0.0% | Truncation 0.0%
		 ╰─ code | Ratio 25.0% | Reward 0.0000 | Turns 1.0 | Branches 1.0 | Max Off-Policy 2 | Error 0.0% | Truncation 0.0%
		 ╰─ math | Ratio 75.0% | Reward 0.0000 | Turns 1.0 | Branches 1.0 | Max Off-Policy 2 | Error 0.0% | Truncation 0.0%[0m[0m
[2m21:13:58[0m [1m   INFO[0m [1m[22mTrain batch 0/64 (0.0%) (math=0, code=0) (+24 buffered); 64 inflight rollouts (train=64, eval=0 | math=11, code=53)[0m[0m
[2m21:14:08[0m [1m   INFO[0m [1m[22mTrain batch 48/64 (75.0%) (math=12, code=36) (+21 buffered); 21 inflight rollouts (train=21, eval=0 | math=3, code=18)[0m[0m
[2m21:14:13[0m [33m[1mWARNING[0m [33m[1m[22mOnly 0/64 effective rollouts are trainable (0.0%) — consider reviewing task difficulty / filter config[0m[0m
[2m21:14:13[0m [1m   INFO[0m [1m[22mHolding batch 14 until the trainer publishes policy v12 (currently v11)[0m[0m
[2m21:14:16[0m [1m   INFO[0m [1m[22mUpdating policy in-flight to v12[0m[0m
[2m21:14:16[0m [32m[1mSUCCESS[0m [32m[1m[22mStep 14 |   16.7s | Reward 0.0000 | Trainable 0/64 (0.0%) | Turns 1.0 | Branches 1.0 | Max Off-Policy 5 | Error 0.0% | Truncation 0.0%
		 ╰─ code | Ratio 81.2% | Reward 0.0000 | Turns 1.0 | Branches 1.0 | Max Off-Policy 5 | Error 0.0% | Truncation 0.0%
		 ╰─ math | Ratio 18.8% | Reward 0.0000 | Turns 1.0 | Branches 1.0 | Max Off-Policy 2 | Error 0.0% | Truncation 0.0%[0m[0m
[2m21:14:18[0m [1m   INFO[0m [1m[22mTrain batch 8/64 (12.5%) (math=0, code=8) (+10 buffered); 8 inflight rollouts (train=8, eval=0 | math=1, code=7)[0m[0m
[2m21:14:28[0m [1m   INFO[0m [1m[22mTrain batch 16/64 (25.0%) (math=4, code=12) (+5 buffered); 5 inflight rollouts (train=5, eval=0 | math=0, code=5)[0m[0m
[2m21:14:38[0m [1m   INFO[0m [1m[22mTrain batch 20/64 (31.2%) (math=4, code=16) (+5 buffered); 1 inflight rollouts (train=1, eval=0 | math=0, code=1)[0m[0m
[2m21:14:43[0m [1m   INFO[0m [1m[22mUpdating policy in-flight to v13[0m[0m
[2m21:14:45[0m [1m   INFO[0m [1m[22mResuming dispatcher[0m[0m
[2m21:14:48[0m [1m   INFO[0m [1m[22mTrain batch 20/64 (31.2%) (math=4, code=16) (+5 buffered); 64 inflight rollouts (train=64, eval=0 | math=27, code=37)[0m[0m
[2m21:14:58[0m [1m   INFO[0m [1m[22mTrain batch 56/64 (87.5%) (math=16, code=40) (+17 buffered); 64 inflight rollouts (train=64, eval=0 | math=36, code=28)[0m[0m
[2m21:14:59[0m [33m[1mWARNING[0m [33m[1m[22mOnly 0/64 effective rollouts are trainable (0.0%) — consider reviewing task difficulty / filter config[0m[0m
[2m21:14:59[0m [1m   INFO[0m [1m[22mPausing dispatcher to prevent orchestrator from racing from trainer. Waiting for new policy...[0m[0m
[2m21:15:00[0m [32m[1mSUCCESS[0m [32m[1m[22mStep 15 |   45.8s | Reward 0.0000 | Trainable 0/64 (0.0%) | Turns 1.0 | Branches 1.0 | Max Off-Policy 4 | Error 0.0% | Truncation 0.0%
		 ╰─ code | Ratio 62.5% | Reward 0.0000 | Turns 1.0 | Branches 1.0 | Max Off-Policy 4 | Error 0.0% | Truncation 0.0%
		 ╰─ math | Ratio 37.5% | Reward 0.0000 | Turns 1.0 | Branches 1.0 | Max Off-Policy 4 | Error 0.0% | Truncation 0.0%[0m[0m
[2m21:15:08[0m [1m   INFO[0m [1m[22mTrain batch 44/64 (68.8%) (math=28, code=16) (+20 buffered); 23 inflight rollouts (train=23, eval=0 | math=7, code=16)[0m[0m
[2m21:15:12[0m [1m   INFO[0m [1m[22mDraining pipeline (cancelled 12 in-flight train rollout(s); any in-flight evals will complete)[0m[0m
[2m21:15:12[0m [1m   INFO[0m [1m[22mPipeline drained, exiting main loop[0m[0m
[2m21:15:12[0m [32m[1mSUCCESS[0m [32m[1m[22mOrchestrator step loop done in 7m 35s[0m[0m
[2m21:15:12[0m [1m   INFO[0m [1m[22mZMQ training batch sender closed[0m[0m
[2m21:15:12[0m [32m[1mSUCCESS[0m [32m[1m[22mOrchestrator finished.[0m[0m
[2m21:16:00[0m [32m[1mSUCCESS[0m [32m[1m[22mTraining finished![0m[0m
