[2m14:51:09[0m [1m   INFO[0m [1m[22mTraining from scratch, cleaning any stale rollouts and broadcasts[0m[0m
[transformers] kernels hub usage is disabled through the environment USE_HUB_KERNELS=NO
[2m14:51:16[0m [1m   INFO[0m [1m[22mModel /root/opd-bench/mopd/models/student found at local path, skipping download[0m[0m
[2m14:51:16[0m [1m   INFO[0m [1m[22mWrote subconfigs to /root/opd-bench/mopd/runs/prime-full/output/configs[0m[0m
[2m14:51:16[0m [1m   INFO[0m [1m[22mUsing local->physical GPU mapping: {0: 0, 1: 1}[0m[0m
[2m14:51:16[0m [1m   INFO[0m [1m[22mStarting RL run[0m[0m
[2m14:51:16[0m [1m   INFO[0m [1m[22mStarting inference on GPU(s) 0[0m[0m
[2m14:51:16[0m [1m   INFO[0m [1m[22mFrozen model references are configured - the rl entrypoint does not start them. Make sure these endpoints are serving before the orchestrator starts: /root/opd-bench/mopd/models/math-teacher (http://localhost:8001/v1), /root/opd-bench/mopd/models/code-teacher (http://localhost:8002/v1); otherwise rollouts will hang.[0m[0m
[2m14:51:16[0m [1m   INFO[0m [1m[22mStarting train env server math at tcp://127.0.0.1:5000[0m[0m
[2m14:51:16[0m [1m   INFO[0m [1m[22mStarting train env server code at tcp://127.0.0.1:5001[0m[0m
[2m14:51:16[0m [1m   INFO[0m [1m[22mStarting orchestrator process[0m[0m
[2m14:51:16[0m [1m   INFO[0m [1m[22mStarting trainer on GPU(s) 1[0m[0m
[2m14:51:16[0m [32m[1mSUCCESS[0m [32m[1m[22mStartup complete. Showing orchestrator logs...[0m[0m
[transformers] kernels hub usage is disabled through the environment USE_HUB_KERNELS=NO
[2m14:51:25[0m [1m   INFO[0m [1m[22mStarting orchestrator (algorithm: opd)[0m[0m
[2m14:51:25[0m [1m   INFO[0m [1m[22mSetting default executor to ThreadPoolExecutor(max_workers=64)[0m[0m
[2m14:51:25[0m [1m   INFO[0m [1m[22mInitializing tokenizer (name='/root/opd-bench/mopd/models/student' trust_remote_code=False chat_template=None)[0m[0m
[2m14:51:25[0m [1m   INFO[0m [1m[22mInitializing policy inference pool (base_url=http://localhost:8000/v1, model=/root/opd-bench/mopd/models/student)[0m[0m
[2m14:51:25[0m [1m   INFO[0m [1m[22mInitialized DefaultRenderer for /root/opd-bench/mopd/models/student[0m[0m
[2m14:51:25[0m [1m   INFO[0m [1m[22mUsing direct renderer rollout client[0m[0m
[2m14:51:25[0m [1m   INFO[0m [1m[22mInitializing monitor (wandb=None, prime_monitor=None)[0m[0m
[2m14:51:25[0m [1m   INFO[0m [1m[22mLogging metrics to /root/opd-bench/mopd/runs/prime-full/output/run_default/metrics.jsonl[0m[0m
[2m14:51:25[0m [1m   INFO[0m [1m[22mConfigured 3 pre-batch rollout filter(s):[0m[0m
[2m14:51:25[0m [1m   INFO[0m [1m[22m  Monitoring gibberish filter (type=gibberish, enforce=False, token_id_threshold=100000, logprob_offset=2.0)[0m[0m
[2m14:51:25[0m [1m   INFO[0m [1m[22m  Monitoring repetition filter (type=repetition, enforce=False, window=3000, prob_threshold=0.99)[0m[0m
[2m14:51:25[0m [1m   INFO[0m [1m[22m  Monitoring zero_advantage filter (type=zero_advantage, enforce=False)[0m[0m
[2m14:51:25[0m [1m   INFO[0m [1m[22mConfigured 3 post-batch rollout filter(s):[0m[0m
[2m14:51:25[0m [1m   INFO[0m [1m[22m  Monitoring gibberish filter (type=gibberish, enforce=False, token_id_threshold=100000, logprob_offset=2.0)[0m[0m
[2m14:51:25[0m [1m   INFO[0m [1m[22m  Monitoring repetition filter (type=repetition, enforce=False, window=3000, prob_threshold=0.99)[0m[0m
[2m14:51:25[0m [1m   INFO[0m [1m[22m  Enforcing zero_advantage filter (type=zero_advantage, enforce=True)[0m[0m
[2m14:51:25[0m [1m   INFO[0m [1m[22mLoading training environments[0m[0m
[2m14:51:25[0m [1m   INFO[0m [1m[22mEnv math ready: num_tasks=128 group_scoring=False[0m[0m
[2m14:51:25[0m [1m   INFO[0m [1m[22mEnv code ready: num_tasks=128 group_scoring=False[0m[0m
[2m14:51:25[0m [32m[1mSUCCESS[0m [32m[1m[22mTrain environment(s) ready[0m[0m
[2m14:51:25[0m [1m   INFO[0m [1m[22mWaiting for policy inference pool to be ready[0m[0m
[2m14:51:35[0m [33m[1mWARNING[0m [33m[1m[22mInference server was not reached after 10 seconds (Error: All connection attempts failed) on http://localhost:8100[0m[0m
[2m14:51:35[0m [33m[1mWARNING[0m [33m[1m[22mInference server was not reached after 10 seconds (Error: All connection attempts failed) on http://localhost:8000[0m[0m
[2m14:51:45[0m [33m[1mWARNING[0m [33m[1m[22mInference server was not reached after 20 seconds (Error: All connection attempts failed) on http://localhost:8100[0m[0m
[2m14:51:45[0m [33m[1mWARNING[0m [33m[1m[22mInference server was not reached after 20 seconds (Error: All connection attempts failed) on http://localhost:8000[0m[0m
[2m14:51:55[0m [33m[1mWARNING[0m [33m[1m[22mInference server was not reached after 30 seconds (Error: All connection attempts failed) on http://localhost:8000[0m[0m
[2m14:52:06[0m [33m[1mWARNING[0m [33m[1m[22mInference server was not reached after 40 seconds (Error: All connection attempts failed) on http://localhost:8000[0m[0m
[2m14:52:16[0m [33m[1mWARNING[0m [33m[1m[22mInference server was not reached after 50 seconds (Error: All connection attempts failed) on http://localhost:8000[0m[0m
[2m14:52:17[0m [32m[1mSUCCESS[0m [32m[1m[22mPolicy inference pool ready[0m[0m
[2m14:52:17[0m [1m   INFO[0m [1m[22mInitializing frozen model pool (model=/root/opd-bench/mopd/models/math-teacher, base_url=http://localhost:8001/v1)[0m[0m
[2m14:52:17[0m [1m   INFO[0m [1m[22mInitializing frozen model pool (model=/root/opd-bench/mopd/models/code-teacher, base_url=http://localhost:8002/v1)[0m[0m
[2m14:52:17[0m [1m   INFO[0m [1m[22mInitializing weight broadcast (type='filesystem')[0m[0m
[2m14:52:17[0m [1m   INFO[0m [1m[22mInitializing training batch sender (type='zmq' host='localhost' port=5555 hwm=10)[0m[0m
[2m14:52:17[0m [1m   INFO[0m [1m[22mZMQ training batch sender initialized: output_dir=/root/opd-bench/mopd/runs/prime-full/output/run_default endpoint=tcp://localhost:5555 hwm=10[0m[0m
[2m14:52:17[0m [1m   INFO[0m [1m[22mTraining from scratch[0m[0m
[2m14:52:17[0m [1m   INFO[0m [1m[22mStarting orchestrator loop (max_steps=15)[0m[0m
[2m14:52:25[0m [33m[1mWARNING[0m [33m[1m[22mOnly 0/64 effective rollouts are trainable (0.0%) — consider reviewing task difficulty / filter config[0m[0m
[2m14:52:25[0m [32m[1mSUCCESS[0m [32m[1m[22mStep 1 |    8.0s | Reward 0.0000 | Trainable 0/64 (0.0%) | Turns 1.0 | Branches 1.0 | Max Off-Policy 0 | Error 0.0% | Truncation 35.9%
		 ╰─ code | Ratio 43.8% | Reward 0.0000 | Turns 1.0 | Branches 1.0 | Max Off-Policy 0 | Error 0.0% | Truncation 3.6%
		 ╰─ math | Ratio 56.2% | Reward 0.0000 | Turns 1.0 | Branches 1.0 | Max Off-Policy 0 | Error 0.0% | Truncation 61.1%[0m[0m
[2m14:52:27[0m [1m   INFO[0m [1m[22mTrain batch 12/64 (18.8%) (math=4, code=8) (+14 buffered); 49 inflight rollouts (train=49, eval=0 | math=37, code=12)[0m[0m
[2m14:52:29[0m [33m[1mWARNING[0m [33m[1m[22mOnly 0/64 effective rollouts are trainable (0.0%) — consider reviewing task difficulty / filter config[0m[0m
[2m14:52:29[0m [1m   INFO[0m [1m[22mPausing dispatcher to prevent orchestrator from racing from trainer. Waiting for new policy...[0m[0m
[2m14:52:29[0m [32m[1mSUCCESS[0m [32m[1m[22mStep 2 |    4.3s | Reward 0.0000 | Trainable 0/64 (0.0%) | Turns 1.0 | Branches 1.0 | Max Off-Policy 1 | Error 0.0% | Truncation 53.1%
		 ╰─ code | Ratio 56.2% | Reward 0.0000 | Turns 1.0 | Branches 1.0 | Max Off-Policy 1 | Error 0.0% | Truncation 27.8%
		 ╰─ math | Ratio 43.8% | Reward 0.0000 | Turns 1.0 | Branches 1.0 | Max Off-Policy 1 | Error 0.0% | Truncation 85.7%[0m[0m
[2m14:52:32[0m [33m[1mWARNING[0m [33m[1m[22mOnly 0/64 effective rollouts are trainable (0.0%) — consider reviewing task difficulty / filter config[0m[0m
[2m14:52:32[0m [1m   INFO[0m [1m[22mHolding batch 3 until the trainer publishes policy v1 (currently v0)[0m[0m
[2m14:52:36[0m [1m   INFO[0m [1m[22mUpdating policy in-flight to v1[0m[0m
[2m14:52:36[0m [32m[1mSUCCESS[0m [32m[1m[22mStep 3 |    2.9s | Reward 0.0000 | Trainable 0/64 (0.0%) | Turns 1.0 | Branches 1.0 | Max Off-Policy 2 | Error 0.0% | Truncation 39.1%
		 ╰─ code | Ratio 56.2% | Reward 0.0000 | Turns 1.0 | Branches 1.0 | Max Off-Policy 2 | Error 0.0% | Truncation 19.4%
		 ╰─ math | Ratio 43.8% | Reward 0.0000 | Turns 1.0 | Branches 1.0 | Max Off-Policy 2 | Error 0.0% | Truncation 64.3%[0m[0m
[2m14:52:37[0m [1m   INFO[0m [1m[22mTrain batch 8/64 (12.5%) (math=8, code=0) (+1 buffered); 0 inflight rollouts (train=0, eval=0 | math=0, code=0)[0m[0m
[2m14:52:38[0m [33m[1mWARNING[0m [33m[1m[22mOnly 0/64 effective rollouts are trainable (0.0%) — consider reviewing task difficulty / filter config[0m[0m
[2m14:52:38[0m [1m   INFO[0m [1m[22mHolding batch 4 until the trainer publishes policy v2 (currently v1)[0m[0m
[2m14:52:42[0m [1m   INFO[0m [1m[22mUpdating policy in-flight to v2[0m[0m
[2m14:52:42[0m [32m[1mSUCCESS[0m [32m[1m[22mStep 4 |    6.7s | Reward 0.0000 | Trainable 0/64 (0.0%) | Turns 1.0 | Branches 1.0 | Max Off-Policy 3 | Error 0.0% | Truncation 39.1%
		 ╰─ code | Ratio 50.0% | Reward 0.0000 | Turns 1.0 | Branches 1.0 | Max Off-Policy 3 | Error 0.0% | Truncation 25.0%
		 ╰─ math | Ratio 50.0% | Reward 0.0000 | Turns 1.0 | Branches 1.0 | Max Off-Policy 3 | Error 0.0% | Truncation 53.1%[0m[0m
[2m14:52:47[0m [1m   INFO[0m [1m[22mTrain batch 8/64 (12.5%) (math=0, code=8) (+2 buffered); 0 inflight rollouts (train=0, eval=0 | math=0, code=0)[0m[0m
[2m14:52:48[0m [1m   INFO[0m [1m[22mUpdating policy in-flight to v3[0m[0m
[2m14:52:48[0m [1m   INFO[0m [1m[22mResuming dispatcher[0m[0m
[2m14:52:53[0m [33m[1mWARNING[0m [33m[1m[22mOnly 0/64 effective rollouts are trainable (0.0%) — consider reviewing task difficulty / filter config[0m[0m
[2m14:52:53[0m [1m   INFO[0m [1m[22mPausing dispatcher to prevent orchestrator from racing from trainer. Waiting for new policy...[0m[0m
[2m14:52:53[0m [32m[1mSUCCESS[0m [32m[1m[22mStep 5 |   14.3s | Reward 0.0000 | Trainable 0/64 (0.0%) | Turns 1.0 | Branches 1.0 | Max Off-Policy 4 | Error 0.0% | Truncation 62.5%
		 ╰─ code | Ratio 43.8% | Reward 0.0000 | Turns 1.0 | Branches 1.0 | Max Off-Policy 4 | Error 0.0% | Truncation 39.3%
		 ╰─ math | Ratio 56.2% | Reward 0.0000 | Turns 1.0 | Branches 1.0 | Max Off-Policy 4 | Error 0.0% | Truncation 80.6%[0m[0m
[2m14:52:56[0m [33m[1mWARNING[0m [33m[1m[22mOnly 0/64 effective rollouts are trainable (0.0%) — consider reviewing task difficulty / filter config[0m[0m
[2m14:52:56[0m [1m   INFO[0m [1m[22mHolding batch 6 until the trainer publishes policy v4 (currently v3)[0m[0m
[2m14:52:56[0m [1m   INFO[0m [1m[22mUpdating policy in-flight to v4[0m[0m
[2m14:52:56[0m [32m[1mSUCCESS[0m [32m[1m[22mStep 6 |    2.8s | Reward 0.0000 | Trainable 0/64 (0.0%) | Turns 1.0 | Branches 1.0 | Max Off-Policy 2 | Error 0.0% | Truncation 46.9%
		 ╰─ code | Ratio 43.8% | Reward 0.0000 | Turns 1.0 | Branches 1.0 | Max Off-Policy 2 | Error 0.0% | Truncation 3.6%
		 ╰─ math | Ratio 56.2% | Reward 0.0000 | Turns 1.0 | Branches 1.0 | Max Off-Policy 2 | Error 0.0% | Truncation 80.6%[0m[0m
[2m14:52:57[0m [1m   INFO[0m [1m[22mTrain batch 8/64 (12.5%) (math=4, code=4) (+11 buffered); 0 inflight rollouts (train=0, eval=0 | math=0, code=0)[0m[0m
[2m14:53:02[0m [1m   INFO[0m [1m[22mUpdating policy in-flight to v5[0m[0m
[2m14:53:02[0m [1m   INFO[0m [1m[22mResuming dispatcher[0m[0m
[2m14:53:06[0m [33m[1mWARNING[0m [33m[1m[22mOnly 0/64 effective rollouts are trainable (0.0%) — consider reviewing task difficulty / filter config[0m[0m
[2m14:53:06[0m [1m   INFO[0m [1m[22mPausing dispatcher to prevent orchestrator from racing from trainer. Waiting for new policy...[0m[0m
[2m14:53:06[0m [32m[1mSUCCESS[0m [32m[1m[22mStep 7 |   10.1s | Reward 0.0000 | Trainable 0/64 (0.0%) | Turns 1.0 | Branches 1.0 | Max Off-Policy 3 | Error 0.0% | Truncation 34.4%
		 ╰─ code | Ratio 62.5% | Reward 0.0000 | Turns 1.0 | Branches 1.0 | Max Off-Policy 3 | Error 0.0% | Truncation 10.0%
		 ╰─ math | Ratio 37.5% | Reward 0.0000 | Turns 1.0 | Branches 1.0 | Max Off-Policy 3 | Error 0.0% | Truncation 75.0%[0m[0m
[2m14:53:07[0m [1m   INFO[0m [1m[22mTrain batch 0/64 (0.0%) (math=0, code=0) (+13 buffered); 64 inflight rollouts (train=64, eval=0 | math=33, code=31)[0m[0m
[2m14:53:09[0m [33m[1mWARNING[0m [33m[1m[22mOnly 0/64 effective rollouts are trainable (0.0%) — consider reviewing task difficulty / filter config[0m[0m
[2m14:53:09[0m [1m   INFO[0m [1m[22mHolding batch 8 until the trainer publishes policy v6 (currently v5)[0m[0m
[2m14:53:09[0m [1m   INFO[0m [1m[22mUpdating policy in-flight to v6[0m[0m
[2m14:53:09[0m [32m[1mSUCCESS[0m [32m[1m[22mStep 8 |    2.9s | Reward 0.0000 | Trainable 0/64 (0.0%) | Turns 1.0 | Branches 1.0 | Max Off-Policy 2 | Error 0.0% | Truncation 48.4%
		 ╰─ code | Ratio 56.2% | Reward 0.0000 | Turns 1.0 | Branches 1.0 | Max Off-Policy 2 | Error 0.0% | Truncation 36.1%
		 ╰─ math | Ratio 43.8% | Reward 0.0000 | Turns 1.0 | Branches 1.0 | Max Off-Policy 2 | Error 0.0% | Truncation 64.3%[0m[0m
[2m14:53:16[0m [1m   INFO[0m [1m[22mUpdating policy in-flight to v7[0m[0m
[2m14:53:16[0m [1m   INFO[0m [1m[22mResuming dispatcher[0m[0m
[2m14:53:17[0m [1m   INFO[0m [1m[22mTrain batch 44/64 (68.8%) (math=20, code=24) (+1 buffered); 64 inflight rollouts (train=64, eval=0 | math=36, code=28)[0m[0m
[2m14:53:19[0m [33m[1mWARNING[0m [33m[1m[22mOnly 0/64 effective rollouts are trainable (0.0%) — consider reviewing task difficulty / filter config[0m[0m
[2m14:53:19[0m [1m   INFO[0m [1m[22mPausing dispatcher to prevent orchestrator from racing from trainer. Waiting for new policy...[0m[0m
[2m14:53:20[0m [32m[1mSUCCESS[0m [32m[1m[22mStep 9 |   10.5s | Reward 0.0000 | Trainable 0/64 (0.0%) | Turns 1.0 | Branches 1.0 | Max Off-Policy 3 | Error 0.0% | Truncation 37.5%
		 ╰─ code | Ratio 62.5% | Reward 0.0000 | Turns 1.0 | Branches 1.0 | Max Off-Policy 3 | Error 0.0% | Truncation 10.0%
		 ╰─ math | Ratio 37.5% | Reward 0.0000 | Turns 1.0 | Branches 1.0 | Max Off-Policy 3 | Error 0.0% | Truncation 83.3%[0m[0m
[2m14:53:22[0m [33m[1mWARNING[0m [33m[1m[22mOnly 0/64 effective rollouts are trainable (0.0%) — consider reviewing task difficulty / filter config[0m[0m
[2m14:53:22[0m [1m   INFO[0m [1m[22mHolding batch 10 until the trainer publishes policy v8 (currently v7)[0m[0m
[2m14:53:22[0m [1m   INFO[0m [1m[22mUpdating policy in-flight to v8[0m[0m
[2m14:53:22[0m [32m[1mSUCCESS[0m [32m[1m[22mStep 10 |    2.5s | Reward 0.0000 | Trainable 0/64 (0.0%) | Turns 1.0 | Branches 1.0 | Max Off-Policy 2 | Error 0.0% | Truncation 57.8%
		 ╰─ code | Ratio 31.2% | Reward 0.0000 | Turns 1.0 | Branches 1.0 | Max Off-Policy 2 | Error 0.0% | Truncation 20.0%
		 ╰─ math | Ratio 68.8% | Reward 0.0000 | Turns 1.0 | Branches 1.0 | Max Off-Policy 2 | Error 0.0% | Truncation 75.0%[0m[0m
[2m14:53:27[0m [1m   INFO[0m [1m[22mTrain batch 44/64 (68.8%) (math=28, code=16) (+1 buffered); 0 inflight rollouts (train=0, eval=0 | math=0, code=0)[0m[0m
[2m14:53:29[0m [1m   INFO[0m [1m[22mUpdating policy in-flight to v9[0m[0m
[2m14:53:29[0m [1m   INFO[0m [1m[22mResuming dispatcher[0m[0m
[2m14:53:32[0m [33m[1mWARNING[0m [33m[1m[22mOnly 0/64 effective rollouts are trainable (0.0%) — consider reviewing task difficulty / filter config[0m[0m
[2m14:53:32[0m [1m   INFO[0m [1m[22mPausing dispatcher to prevent orchestrator from racing from trainer. Waiting for new policy...[0m[0m
[2m14:53:33[0m [32m[1mSUCCESS[0m [32m[1m[22mStep 11 |   10.4s | Reward 0.0000 | Trainable 0/64 (0.0%) | Turns 1.0 | Branches 1.0 | Max Off-Policy 3 | Error 0.0% | Truncation 45.3%
		 ╰─ code | Ratio 56.2% | Reward 0.0000 | Turns 1.0 | Branches 1.0 | Max Off-Policy 3 | Error 0.0% | Truncation 19.4%
		 ╰─ math | Ratio 43.8% | Reward 0.0000 | Turns 1.0 | Branches 1.0 | Max Off-Policy 3 | Error 0.0% | Truncation 78.6%[0m[0m
[2m14:53:35[0m [33m[1mWARNING[0m [33m[1m[22mOnly 0/64 effective rollouts are trainable (0.0%) — consider reviewing task difficulty / filter config[0m[0m
[2m14:53:35[0m [1m   INFO[0m [1m[22mHolding batch 12 until the trainer publishes policy v10 (currently v9)[0m[0m
[2m14:53:36[0m [1m   INFO[0m [1m[22mUpdating policy in-flight to v10[0m[0m
[2m14:53:36[0m [32m[1mSUCCESS[0m [32m[1m[22mStep 12 |    3.2s | Reward 0.0000 | Trainable 0/64 (0.0%) | Turns 1.0 | Branches 1.0 | Max Off-Policy 2 | Error 0.0% | Truncation 54.7%
		 ╰─ code | Ratio 25.0% | Reward 0.0000 | Turns 1.0 | Branches 1.0 | Max Off-Policy 2 | Error 0.0% | Truncation 18.8%
		 ╰─ math | Ratio 75.0% | Reward 0.0000 | Turns 1.0 | Branches 1.0 | Max Off-Policy 2 | Error 0.0% | Truncation 66.7%[0m[0m
[2m14:53:37[0m [1m   INFO[0m [1m[22mTrain batch 0/64 (0.0%) (math=0, code=0) (+10 buffered); 0 inflight rollouts (train=0, eval=0 | math=0, code=0)[0m[0m
[2m14:53:42[0m [1m   INFO[0m [1m[22mUpdating policy in-flight to v11[0m[0m
[2m14:53:42[0m [1m   INFO[0m [1m[22mResuming dispatcher[0m[0m
[2m14:53:46[0m [33m[1mWARNING[0m [33m[1m[22mOnly 0/64 effective rollouts are trainable (0.0%) — consider reviewing task difficulty / filter config[0m[0m
[2m14:53:46[0m [1m   INFO[0m [1m[22mPausing dispatcher to prevent orchestrator from racing from trainer. Waiting for new policy...[0m[0m
[2m14:53:46[0m [32m[1mSUCCESS[0m [32m[1m[22mStep 13 |   10.5s | Reward 0.0000 | Trainable 0/64 (0.0%) | Turns 1.0 | Branches 1.0 | Max Off-Policy 3 | Error 0.0% | Truncation 48.4%
		 ╰─ code | Ratio 50.0% | Reward 0.0000 | Turns 1.0 | Branches 1.0 | Max Off-Policy 3 | Error 0.0% | Truncation 12.5%
		 ╰─ math | Ratio 50.0% | Reward 0.0000 | Turns 1.0 | Branches 1.0 | Max Off-Policy 3 | Error 0.0% | Truncation 84.4%[0m[0m
[2m14:53:47[0m [1m   INFO[0m [1m[22mTrain batch 0/64 (0.0%) (math=0, code=0) (+15 buffered); 25 inflight rollouts (train=25, eval=0 | math=13, code=12)[0m[0m
[2m14:53:49[0m [33m[1mWARNING[0m [33m[1m[22mOnly 0/64 effective rollouts are trainable (0.0%) — consider reviewing task difficulty / filter config[0m[0m
[2m14:53:49[0m [1m   INFO[0m [1m[22mHolding batch 14 until the trainer publishes policy v12 (currently v11)[0m[0m
[2m14:53:50[0m [1m   INFO[0m [1m[22mUpdating policy in-flight to v12[0m[0m
[2m14:53:50[0m [32m[1mSUCCESS[0m [32m[1m[22mStep 14 |    2.9s | Reward 0.0000 | Trainable 0/64 (0.0%) | Turns 1.0 | Branches 1.0 | Max Off-Policy 2 | Error 0.0% | Truncation 34.4%
		 ╰─ code | Ratio 50.0% | Reward 0.0000 | Turns 1.0 | Branches 1.0 | Max Off-Policy 2 | Error 0.0% | Truncation 12.5%
		 ╰─ math | Ratio 50.0% | Reward 0.0000 | Turns 1.0 | Branches 1.0 | Max Off-Policy 2 | Error 0.0% | Truncation 56.2%[0m[0m
[2m14:53:57[0m [1m   INFO[0m [1m[22mUpdating policy in-flight to v13[0m[0m
[2m14:53:57[0m [1m   INFO[0m [1m[22mTrain batch 40/64 (62.5%) (math=16, code=24); 0 inflight rollouts (train=0, eval=0 | math=0, code=0)[0m[0m
[2m14:53:57[0m [1m   INFO[0m [1m[22mResuming dispatcher[0m[0m
[2m14:54:00[0m [33m[1mWARNING[0m [33m[1m[22mOnly 0/64 effective rollouts are trainable (0.0%) — consider reviewing task difficulty / filter config[0m[0m
[2m14:54:00[0m [1m   INFO[0m [1m[22mPausing dispatcher to prevent orchestrator from racing from trainer. Waiting for new policy...[0m[0m
[2m14:54:01[0m [32m[1mSUCCESS[0m [32m[1m[22mStep 15 |   11.5s | Reward 0.0000 | Trainable 0/64 (0.0%) | Turns 1.0 | Branches 1.0 | Max Off-Policy 3 | Error 0.0% | Truncation 39.1%
		 ╰─ code | Ratio 68.8% | Reward 0.0000 | Turns 1.0 | Branches 1.0 | Max Off-Policy 3 | Error 0.0% | Truncation 13.6%
		 ╰─ math | Ratio 31.2% | Reward 0.0000 | Turns 1.0 | Branches 1.0 | Max Off-Policy 3 | Error 0.0% | Truncation 95.0%[0m[0m
[2m14:54:03[0m [1m   INFO[0m [1m[22mDraining pipeline (cancelled 0 in-flight train rollout(s); any in-flight evals will complete)[0m[0m
[2m14:54:04[0m [1m   INFO[0m [1m[22mPipeline drained, exiting main loop[0m[0m
[2m14:54:04[0m [32m[1mSUCCESS[0m [32m[1m[22mOrchestrator step loop done in 1m 47s[0m[0m
[2m14:54:04[0m [1m   INFO[0m [1m[22mZMQ training batch sender closed[0m[0m
[2m14:54:04[0m [32m[1mSUCCESS[0m [32m[1m[22mOrchestrator finished.[0m[0m
[2m14:54:13[0m [32m[1mSUCCESS[0m [32m[1m[22mTraining finished![0m[0m
