[2m20:38:58[0m [1m   INFO[0m [1m[22mStarting RL trainer in World(world_size=2, rank=0, local_rank=0, local_world_size=2, num_nodes=1) in /dev/shm/opd-bench/runs-full/prime-smoke3-no-zero-filter/output[0m[0m
[2m20:38:58[0m [1m   INFO[0m [1m[22mInitializing monitor (None)[0m[0m
[2m20:38:58[0m [1m   INFO[0m [1m[22mLogging metrics to /dev/shm/opd-bench/runs-full/prime-smoke3-no-zero-filter/output/metrics.jsonl[0m[0m
[2m20:38:59[0m [1m   INFO[0m [1m[22mEP auto: model is not MoE, resolving ep=1[0m[0m
[2m20:38:59[0m [1m   INFO[0m [1m[22mInitializing checkpoint managers (None)[0m[0m
[2m20:38:59[0m [1m   INFO[0m [1m[22mInitializing model (name='/dev/shm/opd-bench/models-full/student' trust_remote_code=False vlm=None conversion_dir=None seq_len=17408 attn='flash_attention_2' compile=CompileConfig(fullgraph=False) ac=ActivationCheckpointConfig(mode='full', freq=1, targets=['norm']) ac_offloading=ActivationOffloadingConfig(pin_memory=True, max_inflight_activations=5) fsdp_cpu_offload=False optim_cpu_offload=True reshard_after_forward=True dp_replicate=1 ep=1 ep_comm_backend='torch' deepep_num_sms=20 deepep_token_chunk_size=None cp=1 cp_style='ring' impl='auto' optimization_dtype='bfloat16' reduce_dtype='bfloat16' moe_router_dtype='float32' moe_use_grouped_mm=True quantization=None index_cache=None freeze_moe_router=False lora=None debug=DebugModelConfig(num_layers=None, random_init=False, force_balanced_routing=False) fused_lm_head_token_chunk_size=1024)[0m[0m
[2m20:38:59[0m [1m   INFO[0m [1m[22mLoading model config (name=/dev/shm/opd-bench/models-full/student, attn=flash_attention_2, trust_remote_code=False)[0m[0m
[2m20:38:59[0m [1m   INFO[0m [1m[22mAuto-selected implementation: custom[0m[0m
[2m20:38:59[0m [1m   INFO[0m [1m[22mLoading model /dev/shm/opd-bench/models-full/student using AutoModelForCausalLMPrimeRL to meta device[0m[0m
[2m20:38:59[0m [1m   INFO[0m [1m[22mInjecting chunked LM head with chunk size 1024[0m[0m
[2m20:39:01[0m [1m   INFO[0m [1m[22mApplied activation checkpointing (freq=1)[0m[0m
[2m20:39:01[0m [1m   INFO[0m [1m[22mCompiled 36 layers (fullgraph=False)[0m[0m
[2m20:39:01[0m [1m   INFO[0m [1m[22mBuilding 1-D device mesh with ['dp_shard'], [2][0m[0m
[2m20:39:02[0m [1m   INFO[0m [1m[22mLoading model weights from path /dev/shm/opd-bench/models-full/student, skipping snapshot download. If this is not expected, please remove the directory /dev/shm/opd-bench/models-full/student and run again[0m[0m
[2m20:39:02[0m [1m   INFO[0m [1m[22mLoading weights using HF DCP from /dev/shm/opd-bench/models-full/student[0m[0m
[2m20:39:03[0m [1m   INFO[0m [1m[22mInitializing tokenizer (name='/dev/shm/opd-bench/models-full/student' trust_remote_code=False chat_template=None)[0m[0m
[2m20:39:03[0m [1m   INFO[0m [1m[22mSetting up loss function (type='default' dppo_mask_low=0.2 dppo_mask_high=0.2 adv_tau=1.0 kl_tau=0.001)[0m[0m
[2m20:39:03[0m [1m   INFO[0m [1m[22mInitializing optimizer (lr=1e-06 weight_decay=0.1 max_norm=1.0 type='adamw' betas1=0.9 betas2=0.98)[0m[0m
[2m20:39:03[0m [1m   INFO[0m [1m[22mWrapping optimizer with CPUOffloadOptimizer for optimizer state CPU offloading[0m[0m
[2m20:39:03[0m [1m   INFO[0m [1m[22mUsing `constant` scheduler (type='constant')[0m[0m
[2m20:39:03[0m [1m   INFO[0m [1m[22mInitializing weight broadcast (type='filesystem' save_sharded=True save_format='safetensors')[0m[0m
[2m20:39:03[0m [1m   INFO[0m [1m[22mStarting from step 1 (total_tokens=0, total_samples=0)[0m[0m
[2m20:39:03[0m [1m   INFO[0m [1m[22mInitializing data loader (fake=None)[0m[0m
[2m20:39:03[0m [1m   INFO[0m [1m[22mZMQ training batch receiver initialized: endpoint=tcp://localhost:5555 hwm=10[0m[0m
[2m20:39:03[0m [1m   INFO[0m [1m[22mZMQ micro batch sender initialized: endpoint=tcp://localhost:5556 ready_endpoint=tcp://localhost:5557 hwm=10[0m[0m
[2m20:39:03[0m [1m   INFO[0m [1m[22mZMQ micro batch receiver initialized: endpoint=tcp://localhost:5556 ready_endpoint=tcp://localhost:5557 hwm=10[0m[0m
[2m20:39:03[0m [1m   INFO[0m [1m[22m[GC] collection took 0.00s[0m[0m
[2m20:39:03[0m [1m   INFO[0m [1m[22mStarting training loop (max_steps=1)[0m[0m
[2m20:40:58[0m [32m[1mSUCCESS[0m [32m[1m[22mStep 1 |  1m 54s | Loss 0.0726 | Entropy 0.1571 | Mismatch KL 0.0004 | Grad. Norm 4.7188 | LR 1.00e-06 | Throughput 2901 tokens/s | MFU 4.9% | Peak Mem. 40.3 GiB[0m[0m
[2m20:40:58[0m [1m   INFO[0m [1m[22mPeak memory: 40.3 GiB[0m[0m
[2m20:40:58[0m [32m[1mSUCCESS[0m [32m[1m[22mRL trainer finished![0m[0m
