2026-08-07 19:56:34,157	INFO cli.py:42 -- [37mJob submission server address[39m: [1mhttp://127.0.0.1:8265[22m
2026-08-07 19:56:35,499	SUCC cli.py:66 -- [32m-------------------------------------------------------[39m
2026-08-07 19:56:35,499	SUCC cli.py:67 -- [32mJob 'raysubmit_RsLyx8hyeBBz7bdE' submitted successfully[39m
2026-08-07 19:56:35,499	SUCC cli.py:68 -- [32m-------------------------------------------------------[39m
2026-08-07 19:56:35,499	INFO cli.py:330 -- [36mNext steps[39m
2026-08-07 19:56:35,499	INFO cli.py:331 -- Query the logs of the job:
2026-08-07 19:56:35,499	INFO cli.py:333 -- [1mray job logs raysubmit_RsLyx8hyeBBz7bdE[22m
2026-08-07 19:56:35,499	INFO cli.py:335 -- Query the status of the job:
2026-08-07 19:56:35,499	INFO cli.py:337 -- [1mray job status raysubmit_RsLyx8hyeBBz7bdE[22m
2026-08-07 19:56:35,499	INFO cli.py:339 -- Request the job to be stopped:
2026-08-07 19:56:35,499	INFO cli.py:341 -- [1mray job stop raysubmit_RsLyx8hyeBBz7bdE[22m
2026-08-07 19:56:35,500	INFO cli.py:351 -- Tailing logs until the job exits (disable with --no-wait):
2026-08-07 19:56:35,425	INFO job_manager.py:583 -- Runtime env is setting up.
Running entrypoint for job raysubmit_RsLyx8hyeBBz7bdE: python3 train.py --actor-num-nodes 1 --actor-num-gpus-per-node 2 --rollout-num-gpus 4 --hf-checkpoint /dev/shm/opd-bench/models-full/student --ref-load /dev/shm/opd-bench/models-full/student_torch_dist --prompt-data /dev/shm/opd-bench/data-full/miles_train.jsonl --input-key messages --label-key label --apply-chat-template --rollout-shuffle --num-rollout 1 --rollout-batch-size 16 --n-samples-per-prompt 4 --rollout-max-response-len 16384 --rollout-temperature 1.0 --rollout-top-p 1.0 --seed 42 --global-batch-size 64 --balance-data --custom-rm-path miles.rollout.on_policy_distillation.reward_func --custom-reward-post-process-path miles.rollout.on_policy_distillation.post_process_rewards --opd-teacher-urls math=http://127.0.0.1:13141/generate code=http://127.0.0.1:13142/generate --opd-teacher-key opd_teacher --advantage-estimator grpo --use-opd --opd-type sglang --opd-kl-coef 1.0 --opd-log-prob-top-k 0 --use-kl-loss --kl-loss-coef 0.0 --kl-loss-type low_var_kl --entropy-coef 0.0 --eps-clip 0.2 --eps-clip-high 0.28 --optimizer adam --lr 1e-6 --lr-decay-style constant --weight-decay 0.1 --adam-beta1 0.9 --adam-beta2 0.98 --clip-grad 1.0 --tensor-model-parallel-size 2 --pipeline-model-parallel-size 1 --context-parallel-size 1 --expert-model-parallel-size 1 --expert-tensor-parallel-size 1 --sequence-parallel --recompute-granularity full --recompute-method uniform --recompute-num-layers 1 --use-dynamic-batch-size --max-tokens-per-gpu 16384 --rollout-num-gpus-per-engine 1 --sglang-mem-fraction-static 0.70 --sglang-enable-metrics --attention-dropout 0.0 --hidden-dropout 0.0 --bf16 --accumulate-allreduce-grads-in-fp32 --attention-softmax-in-fp32 --attention-backend flash --swiglu --num-layers 36 --hidden-size 4096 --ffn-hidden-size 12288 --num-attention-heads 32 --group-query-attention --num-query-groups 8 --use-rotary-position-embeddings --disable-bias-linear --normalization RMSNorm --norm-epsilon 1e-6 --rotary-base 1000000 --vocab-size 151936 --kv-channels 128 --qk-layernorm --untie-embeddings-and-output-weights
Unable to import `torchao` Tensor objects. This may affect loading checkpoints serialized with `torchao`
/usr/local/lib/python3.12/dist-packages/modelopt/torch/__init__.py:51: UserWarning: transformers 5.12.1 is not tested with current version of modelopt and may cause issues. Please install recommended version with `pip install -U nvidia-modelopt[hf]` if working with HF models.
  _warnings.warn(
[ERROR] `cache_position` is part of Qwen3ASRThinkerTextModel.forward's signature, but not documented. Make sure to add it to the docstring of the function in /usr/local/lib/python3.12/dist-packages/megatron/bridge/models/qwen3_asr/hf_qwen3_asr/modeling_qwen3_asr.py.
[ERROR] `cache_position` is part of Qwen3ASRThinkerForConditionalGeneration.forward's signature, but not documented. Make sure to add it to the docstring of the function in /usr/local/lib/python3.12/dist-packages/megatron/bridge/models/qwen3_asr/hf_qwen3_asr/modeling_qwen3_asr.py.
2026-08-07 19:57:02,764	INFO sdk.py:519 -- WebSocket closed for job raysubmit_RsLyx8hyeBBz7bdE with close code 1000
2026-08-07 19:57:02,769	INFO cli.py:92 -- Status for job 'raysubmit_RsLyx8hyeBBz7bdE': RUNNING
2026-08-07 19:57:02,769	INFO cli.py:94 -- Status message: Job is currently running.
