docker.io/radixark/miles@sha256:37b5eac955caa2104690ac8b55ee2d70579d962546f61b208c6a0392d1df15a6: Pulling from radixark/miles
34ea35893c1b: Pulling fs layer
c03b8ec8dd33: Pulling fs layer
76249c7cd503: Pulling fs layer
8fb7ecb711ef: Pulling fs layer
d7913b78456a: Pulling fs layer
c08eb01845bf: Pulling fs layer
db3c309a6506: Pulling fs layer
d6140ad8b6f9: Pulling fs layer
d4244e024041: Pulling fs layer
931b9efd7bd0: Pulling fs layer
b7d739ee5320: Pulling fs layer
65214618b2ea: Pulling fs layer
618affd18497: Pulling fs layer
ad555ef67c7b: Pulling fs layer
52d38c0f6257: Pulling fs layer
a81e55d39dde: Pulling fs layer
059c0e1c7ca8: Pulling fs layer
917c8cc211ac: Pulling fs layer
2ae551bf1260: Pulling fs layer
c6e5a9e82fa8: Pulling fs layer
6747bbb56a5e: Pulling fs layer
990b4cfaf16d: Pulling fs layer
ff81bac904a4: Pulling fs layer
ff8bbe5af210: Pulling fs layer
9d9f10db3a58: Pulling fs layer
36803a30fdae: Pulling fs layer
40440469fbbc: Pulling fs layer
0883644c1e7d: Pulling fs layer
20a656cee515: Pulling fs layer
2d5716186e5b: Pulling fs layer
81b31ae0b947: Pulling fs layer
12f01626b6dc: Pulling fs layer
d8ed62a29571: Pulling fs layer
4f4fb700ef54: Pulling fs layer
7af91f35e802: Pulling fs layer
3af9a2b08df4: Pulling fs layer
0d4f0ef2d686: Pulling fs layer
c20926c42231: Pulling fs layer
4f4fb700ef54: Pulling fs layer
4f4fb700ef54: Pulling fs layer
46d47b564497: Pulling fs layer
0a33d39c600f: Pulling fs layer
25bff3962acf: Pulling fs layer
9f58e2591240: Pulling fs layer
eea924c2c8fb: Pulling fs layer
47d81c0bfd4c: Pulling fs layer
b677b45d5fb1: Pulling fs layer
ab7341a40ee7: Pulling fs layer
76faf06aa42a: Pulling fs layer
516704c09f75: Pulling fs layer
b885258bf686: Pulling fs layer
789725c16f7b: Pulling fs layer
d09b59391040: Pulling fs layer
67507a363a99: Pulling fs layer
68dc85e3080a: Pulling fs layer
37df907fa809: Pulling fs layer
d058126c7675: Pulling fs layer
e93dd1223ff5: Pulling fs layer
14d61ed86472: Pulling fs layer
79cea8b05ef3: Pulling fs layer
4f4fb700ef54: Pulling fs layer
7a3dd91b004e: Pulling fs layer
1e36077e820a: Pulling fs layer
4f4fb700ef54: Pulling fs layer
febcb81bf287: Pulling fs layer
576fb3e08ad1: Pulling fs layer
256c53141c87: Pulling fs layer
852620f82fc2: Pulling fs layer
42b284f9a205: Pulling fs layer
026422a395e5: Pulling fs layer
401d11fb2a09: Pulling fs layer
a5b1bd2f87ad: Pulling fs layer
f1411647a3ff: Pulling fs layer
3aa476cc5af9: Pulling fs layer
04b3b5127959: Pulling fs layer
4807dfeb2178: Pulling fs layer
5ae6e5bcd10e: Pulling fs layer
5363e054d866: Pulling fs layer
7c2e420ab409: Pulling fs layer
29c2bdc656b1: Pulling fs layer
4f4fb700ef54: Pulling fs layer
6f7580290906: Pulling fs layer
33ceba071fc5: Pulling fs layer
4f4fb700ef54: Pulling fs layer
4a6cd26c8415: Pulling fs layer
a0b823c20a1c: Pulling fs layer
7c5ad033fd9d: Pulling fs layer
b3db5c304261: Pulling fs layer
527cc15ed21f: Pulling fs layer
4f4fb700ef54: Pulling fs layer
0b9d8069ebbf: Pulling fs layer
a5575d283eb2: Pulling fs layer
ff16ca23c9bb: Pulling fs layer
7f5818b910ec: Pulling fs layer
841b1ec38659: Pulling fs layer
ccdc2a1f48c8: Pulling fs layer
4f4fb700ef54: Pulling fs layer
94c22362a23e: Pulling fs layer
afcf80b42416: Pulling fs layer
1cd98a0b9132: Pulling fs layer
ebafeb4d8a2c: Pulling fs layer
05aeaa824ece: Pulling fs layer
f4eb9ffca301: Pulling fs layer
44752291ca8b: Pulling fs layer
a4d3df1ff6a7: Pulling fs layer
4f4fb700ef54: Download complete
a81e55d39dde: Download complete
ad555ef67c7b: Download complete
d4244e024041: Download complete
db3c309a6506: Download complete
931b9efd7bd0: Download complete
0d4f0ef2d686: Download complete
34ea35893c1b: Download complete
8fb7ecb711ef: Download complete
990b4cfaf16d: Download complete
d7913b78456a: Download complete
2d5716186e5b: Download complete
9d9f10db3a58: Download complete
12f01626b6dc: Download complete
65214618b2ea: Download complete
5363e054d866: Download complete
d058126c7675: Download complete
46d47b564497: Download complete
c03b8ec8dd33: Download complete
516704c09f75: Download complete
b677b45d5fb1: Download complete
68dc85e3080a: Download complete
b885258bf686: Download complete
1e36077e820a: Download complete
576fb3e08ad1: Download complete
47d81c0bfd4c: Download complete
9f58e2591240: Download complete
026422a395e5: Download complete
d09b59391040: Download complete
c20926c42231: Download complete
1cd98a0b9132: Download complete
ebafeb4d8a2c: Download complete
ff81bac904a4: Download complete
c08eb01845bf: Download complete
b7d739ee5320: Download complete
afcf80b42416: Download complete
a5575d283eb2: Download complete
44136fa355b3: Download complete
0b9d8069ebbf: Download complete
ce5131aa125e: Download complete
c6e5a9e82fa8: Download complete
b3db5c304261: Download complete
44752291ca8b: Download complete
401d11fb2a09: Download complete
81b31ae0b947: Download complete
527cc15ed21f: Download complete
94c22362a23e: Download complete
42b284f9a205: Download complete
6f7580290906: Download complete
febcb81bf287: Download complete
852620f82fc2: Download complete
7c5ad033fd9d: Download complete
059c0e1c7ca8: Download complete
36803a30fdae: Download complete
a5b1bd2f87ad: Download complete
7c2e420ab409: Download complete
29c2bdc656b1: Download complete
76249c7cd503: Download complete
618affd18497: Download complete
20a656cee515: Download complete
40440469fbbc: Download complete
76249c7cd503: Pull complete
401d11fb2a09: Pull complete
0883644c1e7d: Download complete
841b1ec38659: Download complete
5ae6e5bcd10e: Download complete
f4eb9ffca301: Download complete
3af9a2b08df4: Download complete
a4d3df1ff6a7: Download complete
0a33d39c600f: Download complete
52d38c0f6257: Download complete
256c53141c87: Download complete
ff8bbe5af210: Download complete
05aeaa824ece: Download complete
7a3dd91b004e: Download complete
2ae551bf1260: Download complete
4807dfeb2178: Download complete
d8ed62a29571: Download complete
25bff3962acf: Download complete
79cea8b05ef3: Download complete
917c8cc211ac: Download complete
ab7341a40ee7: Download complete
ab7341a40ee7: Pull complete
d7913b78456a: Pull complete
c03b8ec8dd33: Pull complete
a0b823c20a1c: Download complete
7f5818b910ec: Download complete
789725c16f7b: Download complete
7af91f35e802: Download complete
14d61ed86472: Download complete
d6140ad8b6f9: Download complete
3aa476cc5af9: Download complete
ff16ca23c9bb: Download complete
04b3b5127959: Download complete
6747bbb56a5e: Download complete
33ceba071fc5: Download complete
ccdc2a1f48c8: Download complete
76faf06aa42a: Download complete
67507a363a99: Download complete
e93dd1223ff5: Download complete
f1411647a3ff: Download complete
eea924c2c8fb: Download complete
c20926c42231: Pull complete
eea924c2c8fb: Pull complete
8fb7ecb711ef: Pull complete
afcf80b42416: Pull complete
4a6cd26c8415: Download complete
1cd98a0b9132: Pull complete
e93dd1223ff5: Pull complete
14d61ed86472: Pull complete
37df907fa809: Download complete
a0b823c20a1c: Pull complete
04b3b5127959: Pull complete
db3c309a6506: Pull complete
47d81c0bfd4c: Pull complete
34ea35893c1b: Pull complete
d058126c7675: Pull complete
7af91f35e802: Pull complete
d09b59391040: Pull complete
33ceba071fc5: Pull complete
931b9efd7bd0: Pull complete
0d4f0ef2d686: Pull complete
46d47b564497: Pull complete
37df907fa809: Pull complete
576fb3e08ad1: Pull complete
3af9a2b08df4: Pull complete
b3db5c304261: Pull complete
f4eb9ffca301: Pull complete
5ae6e5bcd10e: Pull complete
6f7580290906: Pull complete
4a6cd26c8415: Pull complete
a81e55d39dde: Pull complete
44752291ca8b: Pull complete
0a33d39c600f: Pull complete
9d9f10db3a58: Pull complete
0b9d8069ebbf: Pull complete
7c2e420ab409: Pull complete
c6e5a9e82fa8: Pull complete
a5575d283eb2: Pull complete
2d5716186e5b: Pull complete
ff81bac904a4: Pull complete
05aeaa824ece: Pull complete
917c8cc211ac: Pull complete
256c53141c87: Pull complete
79cea8b05ef3: Pull complete
25bff3962acf: Pull complete
4f4fb700ef54: Pull complete
059c0e1c7ca8: Pull complete
68dc85e3080a: Pull complete
ebafeb4d8a2c: Pull complete
ad555ef67c7b: Pull complete
516704c09f75: Pull complete
1e36077e820a: Pull complete
a5b1bd2f87ad: Pull complete
29c2bdc656b1: Pull complete
2ae551bf1260: Pull complete
ff8bbe5af210: Pull complete
67507a363a99: Pull complete
febcb81bf287: Pull complete
0883644c1e7d: Pull complete
527cc15ed21f: Pull complete
52d38c0f6257: Pull complete
b7d739ee5320: Pull complete
a4d3df1ff6a7: Pull complete
f1411647a3ff: Pull complete
3aa476cc5af9: Pull complete
6747bbb56a5e: Pull complete
42b284f9a205: Pull complete
36803a30fdae: Pull complete
40440469fbbc: Pull complete
12f01626b6dc: Pull complete
7f5818b910ec: Pull complete
841b1ec38659: Pull complete
ccdc2a1f48c8: Pull complete
ff16ca23c9bb: Pull complete
b677b45d5fb1: Pull complete
9f58e2591240: Pull complete
618affd18497: Pull complete
789725c16f7b: Pull complete
d4244e024041: Pull complete
7c5ad033fd9d: Pull complete
026422a395e5: Pull complete
94c22362a23e: Pull complete
5363e054d866: Pull complete
81b31ae0b947: Pull complete
d6140ad8b6f9: Pull complete
65214618b2ea: Pull complete
76faf06aa42a: Pull complete
b885258bf686: Pull complete
20a656cee515: Pull complete
7a3dd91b004e: Pull complete
990b4cfaf16d: Pull complete
d8ed62a29571: Pull complete
852620f82fc2: Pull complete
4807dfeb2178: Pull complete
c08eb01845bf: Pull complete
Digest: sha256:37b5eac955caa2104690ac8b55ee2d70579d962546f61b208c6a0392d1df15a6
Status: Downloaded newer image for radixark/miles@sha256:37b5eac955caa2104690ac8b55ee2d70579d962546f61b208c6a0392d1df15a6
docker.io/radixark/miles@sha256:37b5eac955caa2104690ac8b55ee2d70579d962546f61b208c6a0392d1df15a6
