docker.io/verlai/verl@sha256:b867883b0dd011363e69ab2ab344922a28c5bd0409e2a324e3ee70fb27ca7543: Pulling from verlai/verl
c567a87f21d2: Pulling fs layer
022a53b5d40d: Pulling fs layer
c9f10bfb6109: Pulling fs layer
f65b7c437f76: Pulling fs layer
4f4fb700ef54: Pulling fs layer
96a1feef17fe: Pulling fs layer
271a891396ce: Pulling fs layer
e90f006789bd: Pulling fs layer
2d8bb093229a: Pulling fs layer
526d5438c009: Pulling fs layer
187a1410a6d5: Pulling fs layer
92cb8eac45a1: Pulling fs layer
70f87b6ed43e: Pulling fs layer
6b59c02be1f4: Pulling fs layer
e54e8c8b2290: Pulling fs layer
243a9d3ee4d7: Pulling fs layer
528eede8a27a: Pulling fs layer
d8cce8c3ba73: Pulling fs layer
52614cea39cc: Pulling fs layer
b04c4b3cf9a5: Pulling fs layer
77aa32b94604: Pulling fs layer
4edc35c1c3bf: Pulling fs layer
e9f6cc48be84: Pulling fs layer
bffc3d7b2fb2: Pulling fs layer
c933dd0d5c20: Pulling fs layer
3f4024a2be77: Pulling fs layer
46b5fcff890d: Pulling fs layer
56a8664b16e5: Pulling fs layer
cb073d2f57df: Pulling fs layer
0b3b5bd92824: Pulling fs layer
e987ca3078c3: Pulling fs layer
aead5daed6c7: Pulling fs layer
745af416e3a9: Pulling fs layer
c43b6ca50f3c: Pulling fs layer
c339ec5a2716: Pulling fs layer
4b3ffd8ccb52: Pulling fs layer
e1add06ba408: Pulling fs layer
e86026075102: Pulling fs layer
8949f854afd0: Pulling fs layer
9c1132a12388: Pulling fs layer
54caab70b54f: Pulling fs layer
82a3bd96f2d0: Pulling fs layer
acd43a60dd07: Pulling fs layer
c567a87f21d2: Download complete
f65b7c437f76: Download complete
70f87b6ed43e: Download complete
4f4fb700ef54: Download complete
4edc35c1c3bf: Download complete
526d5438c009: Download complete
aead5daed6c7: Download complete
b04c4b3cf9a5: Download complete
e90f006789bd: Download complete
528eede8a27a: Download complete
82a3bd96f2d0: Download complete
745af416e3a9: Download complete
c339ec5a2716: Download complete
46b5fcff890d: Download complete
e86026075102: Download complete
c43b6ca50f3c: Download complete
6b59c02be1f4: Download complete
3f4024a2be77: Download complete
bffc3d7b2fb2: Download complete
e9f6cc48be84: Download complete
4b3ffd8ccb52: Download complete
c933dd0d5c20: Download complete
96a1feef17fe: Download complete
92cb8eac45a1: Download complete
9c1132a12388: Download complete
c9f10bfb6109: Download complete
4b3ffd8ccb52: Pull complete
c567a87f21d2: Pull complete
54caab70b54f: Download complete
0b3b5bd92824: Download complete
022a53b5d40d: Download complete
70f87b6ed43e: Pull complete
526d5438c009: Pull complete
0b3b5bd92824: Pull complete
8949f854afd0: Download complete
e1add06ba408: Download complete
243a9d3ee4d7: Download complete
2d8bb093229a: Download complete
52614cea39cc: Download complete
acd43a60dd07: Download complete
cb073d2f57df: Download complete
56a8664b16e5: Download complete
77aa32b94604: Download complete
271a891396ce: Download complete
271a891396ce: Pull complete
aead5daed6c7: Pull complete
b04c4b3cf9a5: Pull complete
e90f006789bd: Pull complete
d8cce8c3ba73: Download complete
e54e8c8b2290: Download complete
e987ca3078c3: Download complete
4f4fb700ef54: Pull complete
745af416e3a9: Pull complete
e987ca3078c3: Pull complete
022a53b5d40d: Pull complete
f65b7c437f76: Pull complete
e9f6cc48be84: Pull complete
187a1410a6d5: Download complete
187a1410a6d5: Pull complete
46b5fcff890d: Pull complete
d8cce8c3ba73: Pull complete
96a1feef17fe: Pull complete
c9f10bfb6109: Pull complete
acd43a60dd07: Pull complete
6b59c02be1f4: Pull complete
52614cea39cc: Pull complete
77aa32b94604: Pull complete
3f4024a2be77: Pull complete
54caab70b54f: Pull complete
e54e8c8b2290: Pull complete
528eede8a27a: Pull complete
c339ec5a2716: Pull complete
9c1132a12388: Pull complete
bffc3d7b2fb2: Pull complete
e86026075102: Pull complete
c933dd0d5c20: Pull complete
c43b6ca50f3c: Pull complete
4edc35c1c3bf: Pull complete
82a3bd96f2d0: Pull complete
e1add06ba408: Pull complete
8949f854afd0: Pull complete
243a9d3ee4d7: Pull complete
cb073d2f57df: Pull complete
92cb8eac45a1: Pull complete
56a8664b16e5: Pull complete
2d8bb093229a: Pull complete
Digest: sha256:b867883b0dd011363e69ab2ab344922a28c5bd0409e2a324e3ee70fb27ca7543
Status: Downloaded newer image for verlai/verl@sha256:b867883b0dd011363e69ab2ab344922a28c5bd0409e2a324e3ee70fb27ca7543
docker.io/verlai/verl@sha256:b867883b0dd011363e69ab2ab344922a28c5bd0409e2a324e3ee70fb27ca7543
