[2m13:22:37[0m [1m   INFO[0m [1m[22mTraining from scratch, cleaning any stale rollouts and broadcasts[0m[0m
[transformers] kernels hub usage is disabled through the environment USE_HUB_KERNELS=NO
[2m13:22:44[0m [1m   INFO[0m [1m[22mModel /root/opd-bench/models/student found at local path, skipping download[0m[0m
[2m13:22:44[0m [1m   INFO[0m [1m[22mWrote subconfigs to /root/opd-bench/runs/prime-full15/output/configs[0m[0m
[2m13:22:44[0m [1m   INFO[0m [1m[22mUsing local->physical GPU mapping: {0: 0, 1: 1}[0m[0m
[2m13:22:44[0m [1m   INFO[0m [1m[22mStarting RL run[0m[0m
[2m13:22:44[0m [1m   INFO[0m [1m[22mStarting inference on GPU(s) 0[0m[0m
[2m13:22:44[0m [1m   INFO[0m [1m[22mFrozen model references are configured - the rl entrypoint does not start them. Make sure these endpoints are serving before the orchestrator starts: /root/opd-bench/models/teacher (http://localhost:8001/v1); otherwise rollouts will hang.[0m[0m
[2m13:22:44[0m [1m   INFO[0m [1m[22mStarting train env server reverse-text at tcp://127.0.0.1:5000[0m[0m
[2m13:22:44[0m [1m   INFO[0m [1m[22mStarting orchestrator process[0m[0m
[2m13:22:44[0m [1m   INFO[0m [1m[22mStarting trainer on GPU(s) 1[0m[0m
[2m13:22:44[0m [32m[1mSUCCESS[0m [32m[1m[22mStartup complete. Showing orchestrator logs...[0m[0m
[transformers] kernels hub usage is disabled through the environment USE_HUB_KERNELS=NO
[2m13:22:53[0m [1m   INFO[0m [1m[22mStarting orchestrator (algorithm: opd)[0m[0m
[2m13:22:53[0m [1m   INFO[0m [1m[22mSetting default executor to ThreadPoolExecutor(max_workers=64)[0m[0m
[2m13:22:53[0m [1m   INFO[0m [1m[22mInitializing tokenizer (name='/root/opd-bench/models/student' trust_remote_code=False chat_template=None)[0m[0m
[2m13:22:54[0m [1m   INFO[0m [1m[22mInitializing policy inference pool (base_url=http://localhost:8000/v1, model=/root/opd-bench/models/student)[0m[0m
[2m13:22:54[0m [1m   INFO[0m [1m[22mInitialized PrimeQwen3Renderer for /root/opd-bench/models/student[0m[0m
[2m13:22:54[0m [1m   INFO[0m [1m[22mUsing direct renderer rollout client[0m[0m
[2m13:22:54[0m [1m   INFO[0m [1m[22mInitializing monitor (wandb=None, prime_monitor=None)[0m[0m
[2m13:22:54[0m [1m   INFO[0m [1m[22mLogging metrics to /root/opd-bench/runs/prime-full15/output/run_default/metrics.jsonl[0m[0m
[2m13:22:54[0m [1m   INFO[0m [1m[22mConfigured 3 pre-batch rollout filter(s):[0m[0m
[2m13:22:54[0m [1m   INFO[0m [1m[22m  Monitoring gibberish filter (type=gibberish, enforce=False, token_id_threshold=100000, logprob_offset=2.0)[0m[0m
[2m13:22:54[0m [1m   INFO[0m [1m[22m  Monitoring repetition filter (type=repetition, enforce=False, window=3000, prob_threshold=0.99)[0m[0m
[2m13:22:54[0m [1m   INFO[0m [1m[22m  Monitoring zero_advantage filter (type=zero_advantage, enforce=False)[0m[0m
[2m13:22:54[0m [1m   INFO[0m [1m[22mConfigured 3 post-batch rollout filter(s):[0m[0m
[2m13:22:54[0m [1m   INFO[0m [1m[22m  Monitoring gibberish filter (type=gibberish, enforce=False, token_id_threshold=100000, logprob_offset=2.0)[0m[0m
[2m13:22:54[0m [1m   INFO[0m [1m[22m  Monitoring repetition filter (type=repetition, enforce=False, window=3000, prob_threshold=0.99)[0m[0m
[2m13:22:54[0m [1m   INFO[0m [1m[22m  Enforcing zero_advantage filter (type=zero_advantage, enforce=True)[0m[0m
[2m13:22:54[0m [1m   INFO[0m [1m[22mLoading training environments[0m[0m
Warning: You are sending unauthenticated requests to the HF Hub. Please set a HF_TOKEN to enable higher rate limits and faster downloads.
[2m13:22:56[0m [1m   INFO[0m [1m[22mEnv reverse-text ready: num_tasks=1000 group_scoring=False[0m[0m
[2m13:22:56[0m [32m[1mSUCCESS[0m [32m[1m[22mTrain environment(s) ready[0m[0m
[2m13:22:56[0m [1m   INFO[0m [1m[22mWaiting for policy inference pool to be ready[0m[0m
[2m13:23:06[0m [33m[1mWARNING[0m [33m[1m[22mInference server was not reached after 10 seconds (Error: All connection attempts failed) on http://localhost:8100[0m[0m
[2m13:23:06[0m [33m[1mWARNING[0m [33m[1m[22mInference server was not reached after 10 seconds (Error: All connection attempts failed) on http://localhost:8000[0m[0m
[2m13:23:16[0m [33m[1mWARNING[0m [33m[1m[22mInference server was not reached after 20 seconds (Error: All connection attempts failed) on http://localhost:8000[0m[0m
[2m13:23:16[0m [33m[1mWARNING[0m [33m[1m[22mInference server was not reached after 20 seconds (Error: All connection attempts failed) on http://localhost:8100[0m[0m
[2m13:23:26[0m [33m[1mWARNING[0m [33m[1m[22mInference server was not reached after 30 seconds (Error: All connection attempts failed) on http://localhost:8000[0m[0m
[2m13:23:36[0m [33m[1mWARNING[0m [33m[1m[22mInference server was not reached after 40 seconds (Error: All connection attempts failed) on http://localhost:8000[0m[0m
[2m13:23:45[0m [32m[1mSUCCESS[0m [32m[1m[22mPolicy inference pool ready[0m[0m
[2m13:23:45[0m [1m   INFO[0m [1m[22mInitializing frozen model pool (model=/root/opd-bench/models/teacher, base_url=http://localhost:8001/v1)[0m[0m
[2m13:23:45[0m [1m   INFO[0m [1m[22mInitializing weight broadcast (type='filesystem')[0m[0m
[2m13:23:45[0m [1m   INFO[0m [1m[22mInitializing training batch sender (type='zmq' host='localhost' port=5555 hwm=10)[0m[0m
[2m13:23:45[0m [1m   INFO[0m [1m[22mZMQ training batch sender initialized: output_dir=/root/opd-bench/runs/prime-full15/output/run_default endpoint=tcp://localhost:5555 hwm=10[0m[0m
[2m13:23:45[0m [1m   INFO[0m [1m[22mTraining from scratch[0m[0m
[2m13:23:45[0m [1m   INFO[0m [1m[22mStarting orchestrator loop (max_steps=15)[0m[0m
[2m13:23:55[0m [1m   INFO[0m [1m[22mTrain batch 48/128 (37.5%) (+53 buffered); 127 inflight rollouts (train=127, eval=0)[0m[0m
[2m13:23:57[0m [33m[1mWARNING[0m [33m[1m[22mOnly 0/128 effective rollouts are trainable (0.0%) — consider reviewing task difficulty / filter config[0m[0m
[2m13:23:58[0m [32m[1mSUCCESS[0m [32m[1m[22mStep 1 |   12.0s | Reward 0.1335 | Trainable 0/128 (0.0%) | Turns 1.0 | Branches 1.0 | Max Off-Policy 0 | Error 0.0% | Truncation 81.2%[0m[0m
[2m13:24:02[0m [33m[1mWARNING[0m [33m[1m[22mOnly 0/128 effective rollouts are trainable (0.0%) — consider reviewing task difficulty / filter config[0m[0m
[2m13:24:02[0m [1m   INFO[0m [1m[22mPausing dispatcher to prevent orchestrator from racing from trainer. Waiting for new policy...[0m[0m
[2m13:24:03[0m [32m[1mSUCCESS[0m [32m[1m[22mStep 2 |    5.1s | Reward 0.2139 | Trainable 0/128 (0.0%) | Turns 1.0 | Branches 1.0 | Max Off-Policy 1 | Error 0.0% | Truncation 72.7%[0m[0m
[2m13:24:05[0m [1m   INFO[0m [1m[22mTrain batch 112/128 (87.5%) (+11 buffered); 0 inflight rollouts (train=0, eval=0)[0m[0m
[2m13:24:06[0m [33m[1mWARNING[0m [33m[1m[22mOnly 0/128 effective rollouts are trainable (0.0%) — consider reviewing task difficulty / filter config[0m[0m
[2m13:24:06[0m [1m   INFO[0m [1m[22mHolding batch 3 until the trainer publishes policy v1 (currently v0)[0m[0m
[2m13:24:15[0m [1m   INFO[0m [1m[22mTrain batch 0/128 (0.0%) (+27 buffered); 0 inflight rollouts (train=0, eval=0)[0m[0m
[2m13:24:16[0m [1m   INFO[0m [1m[22mUpdating policy in-flight to v1[0m[0m
[2m13:24:17[0m [32m[1mSUCCESS[0m [32m[1m[22mStep 3 |    3.5s | Reward 0.1799 | Trainable 0/128 (0.0%) | Turns 1.0 | Branches 1.0 | Max Off-Policy 2 | Error 0.0% | Truncation 75.8%[0m[0m
[2m13:24:22[0m [1m   INFO[0m [1m[22mUpdating policy in-flight to v2[0m[0m
[2m13:24:23[0m [1m   INFO[0m [1m[22mResuming dispatcher[0m[0m
[2m13:24:25[0m [1m   INFO[0m [1m[22mTrain batch 112/128 (87.5%) (+5 buffered); 128 inflight rollouts (train=128, eval=0)[0m[0m
[2m13:24:28[0m [33m[1mWARNING[0m [33m[1m[22mOnly 0/128 effective rollouts are trainable (0.0%) — consider reviewing task difficulty / filter config[0m[0m
[2m13:24:28[0m [1m   INFO[0m [1m[22mPausing dispatcher to prevent orchestrator from racing from trainer. Waiting for new policy...[0m[0m
[2m13:24:29[0m [32m[1mSUCCESS[0m [32m[1m[22mStep 4 |   22.3s | Reward 0.1631 | Trainable 0/128 (0.0%) | Turns 1.0 | Branches 1.0 | Max Off-Policy 3 | Error 0.0% | Truncation 78.1%[0m[0m
[2m13:24:31[0m [1m   INFO[0m [1m[22mUpdating policy in-flight to v3[0m[0m
[2m13:24:31[0m [33m[1mWARNING[0m [33m[1m[22mOnly 0/128 effective rollouts are trainable (0.0%) — consider reviewing task difficulty / filter config[0m[0m
[2m13:24:32[0m [32m[1mSUCCESS[0m [32m[1m[22mStep 5 |    3.2s | Reward 0.2980 | Trainable 0/128 (0.0%) | Turns 1.0 | Branches 1.0 | Max Off-Policy 2 | Error 0.0% | Truncation 59.4%[0m[0m
[2m13:24:35[0m [33m[1mWARNING[0m [33m[1m[22mOnly 0/128 effective rollouts are trainable (0.0%) — consider reviewing task difficulty / filter config[0m[0m
[2m13:24:35[0m [1m   INFO[0m [1m[22mHolding batch 6 until the trainer publishes policy v4 (currently v3)[0m[0m
[2m13:24:35[0m [1m   INFO[0m [1m[22mTrain batch 0/128 (0.0%) (+4 buffered); 0 inflight rollouts (train=0, eval=0)[0m[0m
[2m13:24:38[0m [1m   INFO[0m [1m[22mUpdating policy in-flight to v4[0m[0m
[2m13:24:38[0m [32m[1mSUCCESS[0m [32m[1m[22mStep 6 |    3.2s | Reward 0.1918 | Trainable 0/128 (0.0%) | Turns 1.0 | Branches 1.0 | Max Off-Policy 3 | Error 0.0% | Truncation 74.2%[0m[0m
[2m13:24:44[0m [1m   INFO[0m [1m[22mUpdating policy in-flight to v5[0m[0m
[2m13:24:44[0m [1m   INFO[0m [1m[22mResuming dispatcher[0m[0m
[2m13:24:45[0m [1m   INFO[0m [1m[22mTrain batch 0/128 (0.0%) (+6 buffered); 128 inflight rollouts (train=128, eval=0)[0m[0m
[2m13:24:53[0m [33m[1mWARNING[0m [33m[1m[22mOnly 0/128 effective rollouts are trainable (0.0%) — consider reviewing task difficulty / filter config[0m[0m
[2m13:24:53[0m [1m   INFO[0m [1m[22mPausing dispatcher to prevent orchestrator from racing from trainer. Waiting for new policy...[0m[0m
[2m13:24:54[0m [32m[1mSUCCESS[0m [32m[1m[22mStep 7 |   18.9s | Reward 0.5461 | Trainable 0/128 (0.0%) | Turns 1.0 | Branches 1.0 | Max Off-Policy 4 | Error 0.0% | Truncation 30.5%[0m[0m
[2m13:24:54[0m [1m   INFO[0m [1m[22mUpdating policy in-flight to v6[0m[0m
[2m13:24:55[0m [1m   INFO[0m [1m[22mResuming dispatcher[0m[0m
[2m13:24:55[0m [1m   INFO[0m [1m[22mTrain batch 32/128 (25.0%) (+22 buffered); 68 inflight rollouts (train=68, eval=0)[0m[0m
[2m13:25:00[0m [1m   INFO[0m [1m[22mUpdating policy in-flight to v7[0m[0m
[2m13:25:00[0m [33m[1mWARNING[0m [33m[1m[22mOnly 0/128 effective rollouts are trainable (0.0%) — consider reviewing task difficulty / filter config[0m[0m
[2m13:25:01[0m [32m[1mSUCCESS[0m [32m[1m[22mStep 8 |    6.9s | Reward 0.6595 | Trainable 0/128 (0.0%) | Turns 1.0 | Branches 1.0 | Max Off-Policy 2 | Error 0.0% | Truncation 17.2%[0m[0m
[2m13:25:03[0m [33m[1mWARNING[0m [33m[1m[22mOnly 0/128 effective rollouts are trainable (0.0%) — consider reviewing task difficulty / filter config[0m[0m
[2m13:25:03[0m [1m   INFO[0m [1m[22mPausing dispatcher to prevent orchestrator from racing from trainer. Waiting for new policy...[0m[0m
[2m13:25:04[0m [32m[1mSUCCESS[0m [32m[1m[22mStep 9 |    3.0s | Reward 0.6264 | Trainable 0/128 (0.0%) | Turns 1.0 | Branches 1.0 | Max Off-Policy 3 | Error 0.0% | Truncation 18.0%[0m[0m
[2m13:25:05[0m [1m   INFO[0m [1m[22mTrain batch 0/128 (0.0%) (+40 buffered); 74 inflight rollouts (train=74, eval=0)[0m[0m
[2m13:25:06[0m [1m   INFO[0m [1m[22mUpdating policy in-flight to v8[0m[0m
[2m13:25:07[0m [1m   INFO[0m [1m[22mResuming dispatcher[0m[0m
[2m13:25:10[0m [33m[1mWARNING[0m [33m[1m[22mOnly 0/128 effective rollouts are trainable (0.0%) — consider reviewing task difficulty / filter config[0m[0m
[2m13:25:10[0m [1m   INFO[0m [1m[22mPausing dispatcher to prevent orchestrator from racing from trainer. Waiting for new policy...[0m[0m
[2m13:25:10[0m [32m[1mSUCCESS[0m [32m[1m[22mStep 10 |    6.4s | Reward 0.7314 | Trainable 0/128 (0.0%) | Turns 1.0 | Branches 1.0 | Max Off-Policy 3 | Error 0.0% | Truncation 6.2%[0m[0m
[2m13:25:13[0m [1m   INFO[0m [1m[22mUpdating policy in-flight to v9[0m[0m
[2m13:25:13[0m [1m   INFO[0m [1m[22mResuming dispatcher[0m[0m
[2m13:25:13[0m [33m[1mWARNING[0m [33m[1m[22mOnly 0/128 effective rollouts are trainable (0.0%) — consider reviewing task difficulty / filter config[0m[0m
[2m13:25:13[0m [1m   INFO[0m [1m[22mPausing dispatcher to prevent orchestrator from racing from trainer. Waiting for new policy...[0m[0m
[2m13:25:14[0m [32m[1mSUCCESS[0m [32m[1m[22mStep 11 |    3.8s | Reward 0.7790 | Trainable 0/128 (0.0%) | Turns 1.0 | Branches 1.0 | Max Off-Policy 4 | Error 0.0% | Truncation 0.8%[0m[0m
[2m13:25:15[0m [1m   INFO[0m [1m[22mTrain batch 16/128 (12.5%) (+34 buffered); 128 inflight rollouts (train=128, eval=0)[0m[0m
[2m13:25:18[0m [33m[1mWARNING[0m [33m[1m[22mOnly 0/128 effective rollouts are trainable (0.0%) — consider reviewing task difficulty / filter config[0m[0m
[2m13:25:18[0m [1m   INFO[0m [1m[22mHolding batch 12 until the trainer publishes policy v10 (currently v9)[0m[0m
[2m13:25:20[0m [1m   INFO[0m [1m[22mUpdating policy in-flight to v10[0m[0m
[2m13:25:20[0m [32m[1mSUCCESS[0m [32m[1m[22mStep 12 |    4.4s | Reward 0.7384 | Trainable 0/128 (0.0%) | Turns 1.0 | Branches 1.0 | Max Off-Policy 3 | Error 0.0% | Truncation 2.3%[0m[0m
[2m13:25:23[0m [33m[1mWARNING[0m [33m[1m[22mOnly 0/128 effective rollouts are trainable (0.0%) — consider reviewing task difficulty / filter config[0m[0m
[2m13:25:23[0m [1m   INFO[0m [1m[22mHolding batch 13 until the trainer publishes policy v11 (currently v10)[0m[0m
[2m13:25:25[0m [1m   INFO[0m [1m[22mUpdating policy in-flight to v11[0m[0m
[2m13:25:25[0m [32m[1mSUCCESS[0m [32m[1m[22mStep 13 |    5.0s | Reward 0.7189 | Trainable 0/128 (0.0%) | Turns 1.0 | Branches 1.0 | Max Off-Policy 4 | Error 0.0% | Truncation 1.6%[0m[0m
[2m13:25:26[0m [1m   INFO[0m [1m[22mTrain batch 0/128 (0.0%) (+21 buffered); 0 inflight rollouts (train=0, eval=0)[0m[0m
[2m13:25:30[0m [1m   INFO[0m [1m[22mUpdating policy in-flight to v12[0m[0m
[2m13:25:30[0m [1m   INFO[0m [1m[22mResuming dispatcher[0m[0m
[2m13:25:36[0m [1m   INFO[0m [1m[22mTrain batch 32/128 (25.0%) (+55 buffered); 128 inflight rollouts (train=128, eval=0)[0m[0m
[2m13:25:38[0m [1m   INFO[0m [1m[22mUpdating policy in-flight to v13[0m[0m
[2m13:25:38[0m [33m[1mWARNING[0m [33m[1m[22mOnly 0/128 effective rollouts are trainable (0.0%) — consider reviewing task difficulty / filter config[0m[0m
[2m13:25:39[0m [32m[1mSUCCESS[0m [32m[1m[22mStep 14 |   15.6s | Reward 0.7425 | Trainable 0/128 (0.0%) | Turns 1.0 | Branches 1.0 | Max Off-Policy 4 | Error 0.0% | Truncation 0.0%[0m[0m
[2m13:25:42[0m [33m[1mWARNING[0m [33m[1m[22mOnly 0/128 effective rollouts are trainable (0.0%) — consider reviewing task difficulty / filter config[0m[0m
[2m13:25:42[0m [1m   INFO[0m [1m[22mPausing dispatcher to prevent orchestrator from racing from trainer. Waiting for new policy...[0m[0m
[2m13:25:43[0m [32m[1mSUCCESS[0m [32m[1m[22mStep 15 |    3.9s | Reward 0.8319 | Trainable 0/128 (0.0%) | Turns 1.0 | Branches 1.0 | Max Off-Policy 2 | Error 0.0% | Truncation 0.8%[0m[0m
[2m13:25:44[0m [1m   INFO[0m [1m[22mUpdating policy in-flight to v14[0m[0m
[2m13:25:45[0m [1m   INFO[0m [1m[22mResuming dispatcher[0m[0m
[2m13:25:46[0m [1m   INFO[0m [1m[22mTrain batch 48/128 (37.5%) (+72 buffered); 128 inflight rollouts (train=128, eval=0)[0m[0m
[2m13:25:47[0m [1m   INFO[0m [1m[22mDraining pipeline (cancelled 128 in-flight train rollout(s); any in-flight evals will complete)[0m[0m
[2m13:25:49[0m [1m   INFO[0m [1m[22mPipeline drained, exiting main loop[0m[0m
[2m13:25:49[0m [32m[1mSUCCESS[0m [32m[1m[22mOrchestrator step loop done in 2m 3s[0m[0m
[2m13:25:49[0m [1m   INFO[0m [1m[22mZMQ training batch sender closed[0m[0m
[2m13:25:49[0m [32m[1mSUCCESS[0m [32m[1m[22mOrchestrator finished.[0m[0m
[2m13:25:56[0m [32m[1mSUCCESS[0m [32m[1m[22mTraining finished![0m[0m
