[trainer0]:[transformers] kernels hub usage is disabled through the environment USE_HUB_KERNELS=NO
[trainer0]:[2m13:22:55[0m [1m   INFO[0m [1m[22mStarting RL trainer in World(world_size=1, rank=0, local_rank=0, local_world_size=1, num_nodes=1) in /root/opd-bench/runs/prime-full15/output[0m[0m
[trainer0]:[2m13:22:55[0m [1m   INFO[0m [1m[22mInitializing monitor (None)[0m[0m
[trainer0]:[2m13:22:55[0m [1m   INFO[0m [1m[22mLogging metrics to /root/opd-bench/runs/prime-full15/output/metrics.jsonl[0m[0m
[trainer0]:[2m13:22:55[0m [1m   INFO[0m [1m[22mEP auto: model is not MoE, resolving ep=1[0m[0m
[trainer0]:[2m13:22:55[0m [1m   INFO[0m [1m[22mInitializing checkpoint managers (None)[0m[0m
[trainer0]:[2m13:22:55[0m [1m   INFO[0m [1m[22mInitializing model (name='/root/opd-bench/models/student' trust_remote_code=False vlm=None conversion_dir=None seq_len=2048 attn='auto' compile=CompileConfig(fullgraph=False) ac=ActivationCheckpointConfig(mode='full', freq=1, targets=['norm']) ac_offloading=ActivationOffloadingConfig(pin_memory=True, max_inflight_activations=5) fsdp_cpu_offload=False optim_cpu_offload=True reshard_after_forward=True dp_replicate=1 ep=1 ep_comm_backend='torch' deepep_num_sms=20 deepep_token_chunk_size=None cp=1 cp_style='ring' impl='auto' optimization_dtype='float32' reduce_dtype='float32' moe_router_dtype='float32' moe_use_grouped_mm=True quantization=None index_cache=None freeze_moe_router=False lora=None debug=DebugModelConfig(num_layers=None, random_init=False, force_balanced_routing=False) fused_lm_head_token_chunk_size=1024)[0m[0m
[trainer0]:[2m13:22:55[0m [1m   INFO[0m [1m[22mAuto-resolved attn='auto' to 'flash_attention_3' (SM90)[0m[0m
[trainer0]:[2m13:22:55[0m [1m   INFO[0m [1m[22mLoading model config (name=/root/opd-bench/models/student, attn=flash_attention_3, trust_remote_code=False)[0m[0m
[trainer0]:[2m13:22:55[0m [1m   INFO[0m [1m[22mAuto-selected implementation: custom[0m[0m
[trainer0]:[2m13:22:55[0m [1m   INFO[0m [1m[22mLoading model /root/opd-bench/models/student using AutoModelForCausalLMPrimeRL to meta device[0m[0m
[trainer0]:[2m13:22:55[0m [1m   INFO[0m [1m[22mInjecting chunked LM head with chunk size 1024[0m[0m
[trainer0]:[2m13:22:56[0m [1m   INFO[0m [1m[22mApplied activation checkpointing (freq=1)[0m[0m
[trainer0]:[2m13:22:56[0m [1m   INFO[0m [1m[22mCompiled 28 layers (fullgraph=False)[0m[0m
[trainer0]:[2m13:22:56[0m [1m   INFO[0m [1m[22mBuilding 1-D device mesh with ['dp_shard'], [1][0m[0m
[trainer0]:[2m13:22:56[0m [33m[1mWARNING[0m [33m[1m[22mModel uses tied word embeddings, so skipping the last-layer no-reshard optimization.[0m[0m
[trainer0]:[2m13:22:56[0m [1m   INFO[0m [1m[22mLoading model weights from path /root/opd-bench/models/student, skipping snapshot download. If this is not expected, please remove the directory /root/opd-bench/models/student and run again[0m[0m
[trainer0]:[2m13:22:56[0m [1m   INFO[0m [1m[22mLoading weights using HF DCP from /root/opd-bench/models/student[0m[0m
[trainer0]:[2m13:22:57[0m [1m   INFO[0m [1m[22mInitializing tokenizer (name='/root/opd-bench/models/student' trust_remote_code=False chat_template=None)[0m[0m
[trainer0]:[2m13:22:57[0m [1m   INFO[0m [1m[22mSetting up loss function (type='default' dppo_mask_low=0.2 dppo_mask_high=0.2 adv_tau=1.0 kl_tau=0.001)[0m[0m
[trainer0]:[2m13:22:57[0m [1m   INFO[0m [1m[22mInitializing optimizer (lr=3e-06 weight_decay=0.01 max_norm=1.0 type='adamw' betas1=0.9 betas2=0.999)[0m[0m
[trainer0]:[2m13:22:57[0m [1m   INFO[0m [1m[22mWrapping optimizer with CPUOffloadOptimizer for optimizer state CPU offloading[0m[0m
[trainer0]:[2m13:22:57[0m [1m   INFO[0m [1m[22mUsing `constant` scheduler (type='constant')[0m[0m
[trainer0]:[2m13:22:57[0m [1m   INFO[0m [1m[22mInitializing weight broadcast (type='filesystem' save_sharded=True save_format='safetensors')[0m[0m
[trainer0]:[2m13:22:57[0m [1m   INFO[0m [1m[22mStarting from step 1 (total_tokens=0, total_samples=0)[0m[0m
[trainer0]:[2m13:22:57[0m [1m   INFO[0m [1m[22mInitializing data loader (fake=None)[0m[0m
[trainer0]:[2m13:22:57[0m [1m   INFO[0m [1m[22mZMQ training batch receiver initialized: endpoint=tcp://localhost:5555 hwm=10[0m[0m
[trainer0]:[2m13:22:57[0m [1m   INFO[0m [1m[22mZMQ micro batch sender initialized: endpoint=tcp://localhost:5556 ready_endpoint=tcp://localhost:5557 hwm=10[0m[0m
[trainer0]:[2m13:22:57[0m [1m   INFO[0m [1m[22mZMQ micro batch receiver initialized: endpoint=tcp://localhost:5556 ready_endpoint=tcp://localhost:5557 hwm=10[0m[0m
[trainer0]:[2m13:22:57[0m [1m   INFO[0m [1m[22m[GC] collection took 0.00s[0m[0m
[trainer0]:[2m13:22:57[0m [1m   INFO[0m [1m[22mStarting training loop (max_steps=15)[0m[0m
[trainer0]:/root/opd-bench/src/prime-rl/.venv/lib/python3.12/site-packages/torch/_dynamo/variables/functions.py:2202: UserWarning: Dynamo detected a call to a `functools.lru_cache`-wrapped function at 'norms.py:37'. Dynamo ignores the cache wrapper and directly traces the wrapped function. Silent incorrectness is only a *potential* risk, not something we have observed. Enable TORCH_LOGS=+dynamo for a DEBUG stack trace.
[trainer0]:
[trainer0]:This call originates from:
[trainer0]:  File "/root/opd-bench/src/prime-rl/src/prime_rl/trainer/models/layers/norms.py", line 37, in forward
[trainer0]:    quack_fn = _get_quack_rmsnorm() if hidden_states.is_cuda else None
[trainer0]:
[trainer0]:  torch._dynamo.utils.warn_once(msg)
[trainer0]:[2m13:24:16[0m [32m[1mSUCCESS[0m [32m[1m[22mStep 1 |  1m 18s | Loss 0.0288 | Entropy 0.6652 | Mismatch KL 0.0007 | Grad. Norm 15.7659 | LR 3.00e-06 | Throughput 1460 tokens/s | MFU 0.6% | Peak Mem. 11.8 GiB[0m[0m
[trainer0]:[2m13:24:22[0m [32m[1mSUCCESS[0m [32m[1m[22mStep 2 |    6.6s | Loss 0.0283 | Entropy 0.6012 | Mismatch KL 0.0008 | Grad. Norm 17.9561 | LR 3.00e-06 | Throughput 6183 tokens/s | MFU 2.7% | Peak Mem. 11.8 GiB[0m[0m
[trainer0]:[2m13:24:31[0m [32m[1mSUCCESS[0m [32m[1m[22mStep 3 |    9.1s | Loss 0.0258 | Entropy 0.6191 | Mismatch KL 0.0035 | Grad. Norm 20.0715 | LR 3.00e-06 | Throughput 4253 tokens/s | MFU 1.8% | Peak Mem. 11.8 GiB[0m[0m
[trainer0]:[2m13:24:38[0m [32m[1mSUCCESS[0m [32m[1m[22mStep 4 |    6.4s | Loss 0.0136 | Entropy 0.6964 | Mismatch KL 0.0239 | Grad. Norm 9.0387 | LR 3.00e-06 | Throughput 7350 tokens/s | MFU 3.2% | Peak Mem. 11.8 GiB[0m[0m
[trainer0]:[2m13:24:44[0m [32m[1mSUCCESS[0m [32m[1m[22mStep 5 |    6.3s | Loss 0.0133 | Entropy 0.6429 | Mismatch KL 0.0216 | Grad. Norm 8.3703 | LR 3.00e-06 | Throughput 6924 tokens/s | MFU 3.0% | Peak Mem. 11.8 GiB[0m[0m
[trainer0]:[2m13:24:54[0m [32m[1mSUCCESS[0m [32m[1m[22mStep 6 |    9.9s | Loss 0.0106 | Entropy 0.6776 | Mismatch KL 0.0245 | Grad. Norm 6.2136 | LR 3.00e-06 | Throughput 3946 tokens/s | MFU 1.7% | Peak Mem. 11.8 GiB[0m[0m
[trainer0]:[2m13:25:00[0m [32m[1mSUCCESS[0m [32m[1m[22mStep 7 |    6.0s | Loss 0.0143 | Entropy 0.7920 | Mismatch KL 0.0569 | Grad. Norm 7.8335 | LR 3.00e-06 | Throughput 8425 tokens/s | MFU 3.6% | Peak Mem. 11.8 GiB[0m[0m
[trainer0]:[2m13:25:06[0m [32m[1mSUCCESS[0m [32m[1m[22mStep 8 |    5.9s | Loss 0.0161 | Entropy 0.7721 | Mismatch KL 0.0695 | Grad. Norm 11.1303 | LR 3.00e-06 | Throughput 8158 tokens/s | MFU 3.5% | Peak Mem. 11.8 GiB[0m[0m
[trainer0]:[2m13:25:13[0m [32m[1mSUCCESS[0m [32m[1m[22mStep 9 |    6.9s | Loss 0.0143 | Entropy 0.7271 | Mismatch KL 0.0940 | Grad. Norm 7.5607 | LR 3.00e-06 | Throughput 4341 tokens/s | MFU 1.9% | Peak Mem. 11.8 GiB[0m[0m
[trainer0]:[2m13:25:19[0m [32m[1mSUCCESS[0m [32m[1m[22mStep 10 |    6.8s | Loss 0.0203 | Entropy 0.8145 | Mismatch KL 0.0262 | Grad. Norm 23.8186 | LR 3.00e-06 | Throughput 3679 tokens/s | MFU 1.6% | Peak Mem. 11.8 GiB[0m[0m
[trainer0]:[2m13:25:25[0m [32m[1mSUCCESS[0m [32m[1m[22mStep 11 |    5.2s | Loss 0.0300 | Entropy 0.8357 | Mismatch KL 0.0224 | Grad. Norm 27.3866 | LR 3.00e-06 | Throughput 5278 tokens/s | MFU 2.3% | Peak Mem. 11.8 GiB[0m[0m
[trainer0]:[2m13:25:30[0m [32m[1mSUCCESS[0m [32m[1m[22mStep 12 |    5.4s | Loss 0.0197 | Entropy 1.0637 | Mismatch KL 0.0304 | Grad. Norm 22.7261 | LR 3.00e-06 | Throughput 5913 tokens/s | MFU 2.6% | Peak Mem. 11.8 GiB[0m[0m
[trainer0]:[2m13:25:38[0m [32m[1mSUCCESS[0m [32m[1m[22mStep 13 |    7.6s | Loss 0.0222 | Entropy 1.0196 | Mismatch KL 0.0432 | Grad. Norm 14.1855 | LR 3.00e-06 | Throughput 3936 tokens/s | MFU 1.7% | Peak Mem. 11.8 GiB[0m[0m
[trainer0]:[2m13:25:44[0m [32m[1mSUCCESS[0m [32m[1m[22mStep 14 |    6.6s | Loss 0.0228 | Entropy 0.9215 | Mismatch KL 0.0203 | Grad. Norm 18.4262 | LR 3.00e-06 | Throughput 5317 tokens/s | MFU 2.3% | Peak Mem. 11.8 GiB[0m[0m
[trainer0]:[2m13:25:51[0m [32m[1mSUCCESS[0m [32m[1m[22mStep 15 |    6.4s | Loss 0.0265 | Entropy 0.6295 | Mismatch KL 0.0171 | Grad. Norm 83.4183 | LR 3.00e-06 | Throughput 3513 tokens/s | MFU 1.5% | Peak Mem. 11.8 GiB[0m[0m
[trainer0]:[2m13:25:51[0m [1m   INFO[0m [1m[22mPeak memory: 11.8 GiB[0m[0m
[trainer0]:[2m13:25:51[0m [32m[1mSUCCESS[0m [32m[1m[22mRL trainer finished![0m[0m
